| Startfile from command line: tc.in


|       ***********************************************************
|       *                    TeraChem v1.9-2022.05-dev            *
|       *  Git Version: d4b8df7494a2ef35cff77b6c7632844e0ef90f1f  *
|       *                   Development Version                   *
|       *           Chemistry at the Speed of Graphics!           *
|       ***********************************************************
|       * This program may only be used in connection with        *
|       * a valid license from PetaChem, LLC. Use of this program *
|       * or results thereof indicates acceptance of all terms    *
|       * and conditions stated in the license and that a valid   *
|       * license agreement between the user and PetaChem, LLC    *
|       * exists. PetaChem, LLC does not warrant the correctness  *
|       * of results or their suitability for any purpose.        *
|       * Please email bugs, suggestions, and comments to         *
|       *                  help@petachem.com                      *
|       *                                                         *
|       ***********************************************************


|       ***********************************************************
|       *  Compiled by henryw7      Thu Jun  2 12:35:51 PDT 2022  *
|       *  Supported architectures: sm_35 sm_52 sm_61 sm_70 sm_80 *
|       *  Build cuda_11.4.r11.4/compiler.30188945_0              *
|       ***********************************************************


| Job started   Fri Nov 18 20:04:58 2022
| On fire-11-01 (available memory: 176881 MB)

| ######################################### RUNTIME INFO ##########################################
| terachem  tc.in 

|  NVRM version: NVIDIA UNIX x86_64 Kernel Module  460.32.03  Sun Dec 27 19:00:34 UTC 2020
|  GCC version:  gcc version 4.8.5 20150623 (Red Hat 4.8.5-16) (GCC) 

|  	linux-vdso.so.1 =>  (0x00007ffc6870e000)
|  	libcurl.so.4 => /usr/lib64/libcurl.so.4 (0x00002b69f87f9000)
|  	libmpi.so.12 => /global/software/intel/2017.8.262/compilers_and_libraries_2017.8.262/linux/mpi/intel64/lib/libmpi.so.12 (0x00002b69f8a62000)
|  	libdftbplus.so => /global/software/TeraChem/2022.06-intel-2017.8.262-CUDA-11.4.1/lib/libdftbplus.so (0x00002b69f9798000)
|  	libfsockets.so => /global/software/TeraChem/2022.06-intel-2017.8.262-CUDA-11.4.1/lib/libfsockets.so (0x00002b69f9c7e000)
|  	libxmlf90.so => /global/software/TeraChem/2022.06-intel-2017.8.262-CUDA-11.4.1/lib/libxmlf90.so (0x00002b69f9e82000)
|  	libthcbox.so.1 => /global/software/TeraChem/2022.06-intel-2017.8.262-CUDA-11.4.1/lib/libthcbox.so.1 (0x00002b69fa0a5000)
|  	libOpenMM.so => /global/software/OpenMM/7.4.2-intel-2017.8.262-CUDA-11.0.2/lib/libOpenMM.so (0x00002b69fbdf2000)
|  	libgpubox.so.1 => /global/software/TeraChem/2022.06-intel-2017.8.262-CUDA-11.4.1/lib/libgpubox.so.1 (0x00002b69fc456000)
|  	libtensorbox.so.1 => /global/software/TeraChem/2022.06-intel-2017.8.262-CUDA-11.4.1/lib/libtensorbox.so.1 (0x00002b69fc669000)
|  	libiobox.so.1 => /global/software/TeraChem/2022.06-intel-2017.8.262-CUDA-11.4.1/lib/libiobox.so.1 (0x00002b69fc885000)
|  	libintbox.so.1 => /global/software/TeraChem/2022.06-intel-2017.8.262-CUDA-11.4.1/lib/libintbox.so.1 (0x00002b69fca95000)
|  	libsqmbox.so.1 => /global/software/TeraChem/2022.06-intel-2017.8.262-CUDA-11.4.1/lib/libsqmbox.so.1 (0x00002b6a38872000)
|  	libgridbox.so.1 => /global/software/TeraChem/2022.06-intel-2017.8.262-CUDA-11.4.1/lib/libgridbox.so.1 (0x00002b6a38dca000)
|  	libdftbox.so.1 => /global/software/TeraChem/2022.06-intel-2017.8.262-CUDA-11.4.1/lib/libdftbox.so.1 (0x00002b6a39343000)
|  	libcibox.so.1 => /global/software/TeraChem/2022.06-intel-2017.8.262-CUDA-11.4.1/lib/libcibox.so.1 (0x00002b6a39625000)
|  	libccbox.so.1 => /global/software/TeraChem/2022.06-intel-2017.8.262-CUDA-11.4.1/lib/libccbox.so.1 (0x00002b6a39df6000)
|  	libsimbox.so.1 => /global/software/TeraChem/2022.06-intel-2017.8.262-CUDA-11.4.1/lib/libsimbox.so.1 (0x00002b6a3a3c1000)
|  	liboptbox.so.1 => /global/software/TeraChem/2022.06-intel-2017.8.262-CUDA-11.4.1/lib/liboptbox.so.1 (0x00002b6a3a5de000)
|  	libnvToolsExt.so.1 => /global/software/CUDA/11.4.1/lib64/libnvToolsExt.so.1 (0x00002b6a3a812000)
|  	libprotobuf.so.25 => /global/software/protobuf/3.14.0/lib/libprotobuf.so.25 (0x00002b6a3aa1c000)
|  	libcommbox.so.1 => /global/software/TeraChem/2022.06-intel-2017.8.262-CUDA-11.4.1/lib/libcommbox.so.1 (0x00002b6a3aecf000)
|  	libcuda.so.1 => /usr/lib64/libcuda.so.1 (0x00002b6a3b134000)
|  	libcudart.so.11.0 => /global/software/TeraChem/2022.06-intel-2017.8.262-CUDA-11.4.1/lib/libcudart.so.11.0 (0x00002b6a3c81c000)
|  	libcublas.so.11 => /global/software/TeraChem/2022.06-intel-2017.8.262-CUDA-11.4.1/lib/libcublas.so.11 (0x00002b6a3cabe000)
|  	libcufft.so.10 => /global/software/TeraChem/2022.06-intel-2017.8.262-CUDA-11.4.1/lib/libcufft.so.10 (0x00002b6a459f7000)
|  	libcusparse.so.11 => /global/software/TeraChem/2022.06-intel-2017.8.262-CUDA-11.4.1/lib/libcusparse.so.11 (0x00002b6a5b677000)
|  	libcusolver.so.11 => /global/software/TeraChem/2022.06-intel-2017.8.262-CUDA-11.4.1/lib/libcusolver.so.11 (0x00002b6a69a62000)
|  	libcrypto.so.10 => /usr/lib64/libcrypto.so.10 (0x00002b6a76d2b000)
|  	libssl.so.10 => /usr/lib64/libssl.so.10 (0x00002b6a7718c000)
|  	libstdc++.so.6 => /usr/lib64/libstdc++.so.6 (0x00002b6a773fe000)
|  	libm.so.6 => /usr/lib64/libm.so.6 (0x00002b6a77706000)
|  	libcilkrts.so.5 => /global/software/TeraChem/2022.06-intel-2017.8.262-CUDA-11.4.1/lib/libcilkrts.so.5 (0x00002b6a77a08000)
|  	libgcc_s.so.1 => /usr/lib64/libgcc_s.so.1 (0x00002b6a77c43000)
|  	libpthread.so.0 => /usr/lib64/libpthread.so.0 (0x00002b6a77e59000)
|  	libc.so.6 => /usr/lib64/libc.so.6 (0x00002b6a78075000)
|  	/lib64/ld-linux-x86-64.so.2 (0x00002b69f85d5000)
|  	libdl.so.2 => /usr/lib64/libdl.so.2 (0x00002b6a78438000)
|  	libidn.so.11 => /usr/lib64/libidn.so.11 (0x00002b6a7863c000)
|  	libssh2.so.1 => /usr/lib64/libssh2.so.1 (0x00002b6a7886f000)
|  	libssl3.so => /usr/lib64/libssl3.so (0x00002b6a78a99000)
|  	libsmime3.so => /usr/lib64/libsmime3.so (0x00002b6a78ce5000)
|  	libnss3.so => /usr/lib64/libnss3.so (0x00002b6a78f0c000)
|  	libnssutil3.so => /usr/lib64/libnssutil3.so (0x00002b6a79236000)
|  	libplds4.so => /usr/lib64/libplds4.so (0x00002b6a79463000)
|  	libplc4.so => /usr/lib64/libplc4.so (0x00002b6a79667000)
|  	libnspr4.so => /usr/lib64/libnspr4.so (0x00002b6a7986c000)
|  	libgssapi_krb5.so.2 => /usr/lib64/libgssapi_krb5.so.2 (0x00002b6a79aaa000)
|  	libkrb5.so.3 => /usr/lib64/libkrb5.so.3 (0x00002b6a79cf7000)
|  	libk5crypto.so.3 => /usr/lib64/libk5crypto.so.3 (0x00002b6a79fdf000)
|  	libcom_err.so.2 => /usr/lib64/libcom_err.so.2 (0x00002b6a7a212000)
|  	liblber-2.4.so.2 => /usr/lib64/liblber-2.4.so.2 (0x00002b6a7a416000)
|  	libldap-2.4.so.2 => /usr/lib64/libldap-2.4.so.2 (0x00002b6a7a625000)
|  	libz.so.1 => /usr/lib64/libz.so.1 (0x00002b6a7a879000)
|  	librt.so.1 => /usr/lib64/librt.so.1 (0x00002b6a7aa8f000)
|  	libifport.so.5 => /global/software/intel/2017.8.262/compilers_and_libraries_2017.8.262/linux/compiler/lib/intel64/libifport.so.5 (0x00002b6a7ac97000)
|  	libifcoremt.so.5 => /global/software/intel/2017.8.262/compilers_and_libraries_2017.8.262/linux/compiler/lib/intel64/libifcoremt.so.5 (0x00002b6a7aec6000)
|  	libimf.so => /global/software/intel/2017.8.262/compilers_and_libraries_2017.8.262/linux/compiler/lib/intel64/libimf.so (0x00002b6a7b256000)
|  	libsvml.so => /global/software/intel/2017.8.262/compilers_and_libraries_2017.8.262/linux/compiler/lib/intel64/libsvml.so (0x00002b6a7b743000)
|  	libiomp5.so => /global/software/intel/2017.8.262/compilers_and_libraries_2017.8.262/linux/compiler/lib/intel64/libiomp5.so (0x00002b6a7c661000)
|  	libintlc.so.5 => /global/software/intel/2017.8.262/compilers_and_libraries_2017.8.262/linux/compiler/lib/intel64/libintlc.so.5 (0x00002b6a7ca05000)
|  	libirng.so => /global/software/intel/2017.8.262/compilers_and_libraries_2017.8.262/linux/compiler/lib/intel64/libirng.so (0x00002b6a7cc71000)
|  	libcublasLt.so.11 => /global/software/CUDA/11.4.1/lib64/libcublasLt.so.11 (0x00002b6a7cfe4000)
|  	libkrb5support.so.0 => /usr/lib64/libkrb5support.so.0 (0x00002b6a8f0f3000)
|  	libkeyutils.so.1 => /usr/lib64/libkeyutils.so.1 (0x00002b6a8f301000)
|  	libresolv.so.2 => /usr/lib64/libresolv.so.2 (0x00002b6a8f505000)
|  	libsasl2.so.3 => /usr/lib64/libsasl2.so.3 (0x00002b6a8f71f000)
|  	libselinux.so.1 => /usr/lib64/libselinux.so.1 (0x00002b6a8f93c000)
|  	libcrypt.so.1 => /usr/lib64/libcrypt.so.1 (0x00002b6a8fb63000)
|  	libpcre.so.1 => /usr/lib64/libpcre.so.1 (0x00002b6a8fd9a000)
|  	libfreebl3.so => /usr/lib64/libfreebl3.so (0x00002b6a8fffc000)
| #################################################################################################

| Cannot find license.dat file in the TeraChem installation directory /global/software/TeraChem/2022.06-intel-2017.8.262-CUDA-11.4.1


| TRYING THE NETWORK LICENSE...
| Connecting to license server '54.208.252.40' port '8877'...
| Connected!
| Checking your license...
-----------------------------------
Processed Input file:
                 spinmult 1
                   charge 0
                    basis def2-svp
              coordinates geom.xyz
                    guess sad
                   method b3lyp
                      run gradient
            new_minimizer true
                     xtol 0.0001
-----------------------------------
Jobname: geom
Scratch directory: ./scr.geom
| Random number seed: 260789629

XYZ coordinates geom.xyz
Molden File Output: ./scr.geom/geom.molden
Using basis set: def2-svp
dmrgstart not found
Spin multiplicity: 1
DIIS will use up to 10 vectors.
Condition number limit for the DIIS overlap matrix is            0
WF convergence threshold: 3.00e-05
Using DIIS algorithm to converge WF
Maximum number of SCF iterations: 100
Incremental fock with rebuild every 8 iterations
Will switch to conventional Fock if diffuse functions are detected
X-matrix tolerance: 1.00e-04
PRECISION: DYNAMIC
TeraChem will select linear algebra engine
DFT Functional requested: b3lyp
Method: B3LYP 
  Hartree-Fock exact exchange:          0.20 
  Slater exchange functional:           0.80 
  Becke 1988 exchange functional:       0.72 
  Lee-Yang-Parr correlation functional: 0.81 
  VWN(I) correlation functional:        0.19 
Wavefunction: RESTRICTED
DFT grid type: 1
Using dynamic DFT grids.
Initial guess generated from superposition of atomic densities generated with HF,
using spherically symmetric atomic densities and averaged alpha and beta spin densities.

********************************************
**** SINGLE POINT GRADIENT CALCULATIONS ****
********************************************
SCF:   Initial guess is taken from previous step
*************WARNING***************
Unrecognized or unnecessary keywords:
These are being ignored.
   new_minimizer true
***********************************
Starting TensorBox...
| TeraChem will select linear algebra engine
| Using cuSolver for matrix diagonalization

| using 1 out of 1 CUDA devices
|   Device 0:      GeForce GTX 970,  4043MB, CC 5.2 -- CPU THREAD 0
| -------------------------------------------------------------------
| CPU Memory Available: 48347.12 MegaWords 
| GPU Memory Available: 249.38 MegaWords 
| Maximum recommended basis set size: 5100 basis functions
|  (limited by GPU memory)
| -------------------------------------------------------------------
| Initialize GPUBox with 128 MW of memory

| **************************************************************
|  Greetings, Martinez Group! You have 1000 licenses in total
|  IN USE: 18
|  AVAILABLE: 982
| **************************************************************



Basis set:       def2-svp
Total atoms:     14
Total charge:    0
Total electrons: 34 (17-alpha, 17-beta)
Number electrons modeled by ECPs: 0
Total orbitals:  110
Total AO shells: 54 (32 S-shells; 18 P-shells; 4 D-shells; 0 F-shells; 0 G-shells)
Spin multiplicity: 1
Nuclear repulsion energy (QM atoms): 130.506071086891 a.u.

Using neutral atomic charges and default spins and spin directions.
Number of unique atoms is: 2 
Atom #1 is unique. Calculating atomic density. 
XCEnergy: 0.000000 NNRepEnergy: 0.000000 
Rest of SCF Energy: -36.042762
XCEnergy: 0.000000 NNRepEnergy: 0.000000 
Rest of SCF Energy: -36.042762
Iteration: 0
XCEnergy: 0.000000 NNRepEnergy: 0.000000 
Rest of SCF Energy: -37.644434
XCEnergy: 0.000000 NNRepEnergy: 0.000000 
Rest of SCF Energy: -37.644434
Iteration: 1
XCEnergy: 0.000000 NNRepEnergy: 0.000000 
Rest of SCF Energy: -37.648420
XCEnergy: 0.000000 NNRepEnergy: 0.000000 
Rest of SCF Energy: -37.648420
Iteration: 2
XCEnergy: 0.000000 NNRepEnergy: 0.000000 
Rest of SCF Energy: -37.648733
XCEnergy: 0.000000 NNRepEnergy: 0.000000 
Rest of SCF Energy: -37.648733
Iteration: 3
XCEnergy: 0.000000 NNRepEnergy: 0.000000 
Rest of SCF Energy: -37.648783
XCEnergy: 0.000000 NNRepEnergy: 0.000000 
Rest of SCF Energy: -37.648783
Iteration: 4
XCEnergy: 0.000000 NNRepEnergy: 0.000000 
Rest of SCF Energy: -37.648784
XCEnergy: 0.000000 NNRepEnergy: 0.000000 
Rest of SCF Energy: -37.648784
Iteration: 5
XCEnergy: 0.000000 NNRepEnergy: 0.000000 
Rest of SCF Energy: -37.648784
XCEnergy: 0.000000 NNRepEnergy: 0.000000 
SCF Energy: -37.648784
Atom #5 is unique. Calculating atomic density. 
XCEnergy: 0.000000 NNRepEnergy: 0.000000 
Rest of SCF Energy: -0.499278
XCEnergy: 0.000000 NNRepEnergy: 0.000000 
Rest of SCF Energy: -0.499278
Iteration: 0
XCEnergy: 0.000000 NNRepEnergy: 0.000000 
Rest of SCF Energy: -0.499278
XCEnergy: 0.000000 NNRepEnergy: 0.000000 
Rest of SCF Energy: -0.499278
Iteration: 1
XCEnergy: 0.000000 NNRepEnergy: 0.000000 
Rest of SCF Energy: -0.499278
XCEnergy: 0.000000 NNRepEnergy: 0.000000 
SCF Energy: -0.499278
Using neutral atomic charges and default spins and spin directions.
Number of unique atoms is: 2 
Atom #1 is unique. Calculating atomic density. 
XCEnergy: 0.000000 NNRepEnergy: 0.000000 
Rest of SCF Energy: -36.042762
XCEnergy: 0.000000 NNRepEnergy: 0.000000 
Rest of SCF Energy: -36.042762
Iteration: 0
XCEnergy: 0.000000 NNRepEnergy: 0.000000 
Rest of SCF Energy: -37.644434
XCEnergy: 0.000000 NNRepEnergy: 0.000000 
Rest of SCF Energy: -37.644434
Iteration: 1
XCEnergy: 0.000000 NNRepEnergy: 0.000000 
Rest of SCF Energy: -37.648420
XCEnergy: 0.000000 NNRepEnergy: 0.000000 
Rest of SCF Energy: -37.648420
Iteration: 2
XCEnergy: 0.000000 NNRepEnergy: 0.000000 
Rest of SCF Energy: -37.648733
XCEnergy: 0.000000 NNRepEnergy: 0.000000 
Rest of SCF Energy: -37.648733
Iteration: 3
XCEnergy: 0.000000 NNRepEnergy: 0.000000 
Rest of SCF Energy: -37.648783
XCEnergy: 0.000000 NNRepEnergy: 0.000000 
Rest of SCF Energy: -37.648783
Iteration: 4
XCEnergy: 0.000000 NNRepEnergy: 0.000000 
Rest of SCF Energy: -37.648784
XCEnergy: 0.000000 NNRepEnergy: 0.000000 
Rest of SCF Energy: -37.648784
Iteration: 5
XCEnergy: 0.000000 NNRepEnergy: 0.000000 
Rest of SCF Energy: -37.648784
XCEnergy: 0.000000 NNRepEnergy: 0.000000 
SCF Energy: -37.648784
Atom #5 is unique. Calculating atomic density. 
XCEnergy: 0.000000 NNRepEnergy: 0.000000 
Rest of SCF Energy: -0.499278
XCEnergy: 0.000000 NNRepEnergy: 0.000000 
Rest of SCF Energy: -0.499278
Iteration: 0
XCEnergy: 0.000000 NNRepEnergy: 0.000000 
Rest of SCF Energy: -0.499278
XCEnergy: 0.000000 NNRepEnergy: 0.000000 
Rest of SCF Energy: -0.499278
Iteration: 1
XCEnergy: 0.000000 NNRepEnergy: 0.000000 
Rest of SCF Energy: -0.499278
XCEnergy: 0.000000 NNRepEnergy: 0.000000 
SCF Energy: -0.499278
Setting up the DFT grid...
| time to set the grid = 0.00 s
DFT grid points: 13789 (984 points/atom)
Setting up the DFT grid...
| time to set the grid = 0.01 s
DFT grid points: 38352 (2739 points/atom)

                      *** Start SCF Iterations ***

 Iter     DIIS Error       Energy change      Electrons        XC Energy           Energy        Time(s)
----------------------------------------------------------------------------------------------------------
| Purifying guess...Density matrix is not well-conditioned, rescale and purify
| Purification run on CPU (double precision)  using TC2 purification.
| Density matrix purification finished after a total of 18 matrix multiplies
| THRESPDP set to 1.00e+00
|                 >>> SWITCHING TO GRID 1 <<<
|    1     0.3721429785    -157.5043430242    34.0061153713   -19.8333137062    -157.5043430242     0.14  
|                 >>> SWITCHING TO GRID 0 <<<
|    2     0.2001679135      -0.2325302218    33.9991532122   -21.2509796657    -157.7368732460     0.10  
|    3     0.0791937735      -0.5093300900    33.9999923604   -20.2718741542    -158.2462033360     0.10  
|    4     0.0059981331      -0.0946924562    33.9997621922   -20.5167456285    -158.3408957922     0.10  
|                 >>> SWITCHING TO GRID 1 <<<
|    5     0.0026046707      -0.0008936118    33.9999385836   -20.5198732962    -158.3417894040     0.16  
|    6     0.0007372607      -0.0001190531    33.9999385869   -20.5198423997    -158.3419084571     0.16  
| THRESPDP set to 3.07e-02
|    7     0.0000972569      +0.0000062120    33.9999394544   -20.5199732653    -158.3419022450     0.19  
|    8     0.0000225994      -0.0000003594    33.9999394971   -20.5200912993    -158.3419026045     0.19  
----------------------------------------------------------------------------------------------------------
FINAL ENERGY: -158.3419026045 a.u.
HOMO-LUMO GAP: 10.022 eV
CENTER OF MASS: {-0.156703, -0.490636, -0.168857} ANGS
DIPOLE MOMENT: {0.068394, -0.013261, 0.025961} (|D| = 0.074348) DEBYE

Running Mulliken population analysis...


Gradient units are Hartree/Bohr
---------------------------------------------------
        dE/dX            dE/dY            dE/dZ
   -0.0027571470    -0.0049983153     0.0035103763
   -0.0037857345    -0.0035547998    -0.0032185968
   -0.0035748310     0.0050026948     0.0004183694
    0.0020804510     0.0050887923    -0.0038159181
    0.0043594024     0.0020326246    -0.0038715146
    0.0024246944    -0.0019350672     0.0052444913
   -0.0027427823    -0.0006407416    -0.0034687606
    0.0037413406    -0.0014616325     0.0061178931
   -0.0031771915    -0.0005766033    -0.0049162800
   -0.0051309262     0.0022479784     0.0016680303
    0.0070063178    -0.0006988983    -0.0019352403
   -0.0039906786     0.0018577801     0.0008257450
   -0.0001636869    -0.0028268024     0.0054909476
    0.0057107704     0.0004629927    -0.0020495446
---------------------------------------------------
Net gradient: -1.509903e-09  2.520432e-09 -1.923634e-09
Net torque:    1.227054e-04 -5.942509e-04  2.625832e-04

Writing out molden info
| Total processing time: 1.85 sec 

| Job finished: Fri Nov 18 20:05:03 2022

