| Startfile from command line: tc.in


|       ***********************************************************
|       *                    TeraChem v1.9-2022.05-dev            *
|       *  Git Version: d4b8df7494a2ef35cff77b6c7632844e0ef90f1f  *
|       *                   Development Version                   *
|       *           Chemistry at the Speed of Graphics!           *
|       ***********************************************************
|       * This program may only be used in connection with        *
|       * a valid license from PetaChem, LLC. Use of this program *
|       * or results thereof indicates acceptance of all terms    *
|       * and conditions stated in the license and that a valid   *
|       * license agreement between the user and PetaChem, LLC    *
|       * exists. PetaChem, LLC does not warrant the correctness  *
|       * of results or their suitability for any purpose.        *
|       * Please email bugs, suggestions, and comments to         *
|       *                  help@petachem.com                      *
|       *                                                         *
|       ***********************************************************


|       ***********************************************************
|       *  Compiled by henryw7      Thu Jun  2 12:35:51 PDT 2022  *
|       *  Supported architectures: sm_35 sm_52 sm_61 sm_70 sm_80 *
|       *  Build cuda_11.4.r11.4/compiler.30188945_0              *
|       ***********************************************************


| Job started   Fri Nov 18 20:14:01 2022
| On fire-11-01 (available memory: 176854 MB)

| ######################################### RUNTIME INFO ##########################################
| terachem  tc.in 

|  NVRM version: NVIDIA UNIX x86_64 Kernel Module  460.32.03  Sun Dec 27 19:00:34 UTC 2020
|  GCC version:  gcc version 4.8.5 20150623 (Red Hat 4.8.5-16) (GCC) 

|  	linux-vdso.so.1 =>  (0x00007ffc04ee1000)
|  	libcurl.so.4 => /usr/lib64/libcurl.so.4 (0x00002b33f26ed000)
|  	libmpi.so.12 => /global/software/intel/2017.8.262/compilers_and_libraries_2017.8.262/linux/mpi/intel64/lib/libmpi.so.12 (0x00002b33f2956000)
|  	libdftbplus.so => /global/software/TeraChem/2022.06-intel-2017.8.262-CUDA-11.4.1/lib/libdftbplus.so (0x00002b33f368c000)
|  	libfsockets.so => /global/software/TeraChem/2022.06-intel-2017.8.262-CUDA-11.4.1/lib/libfsockets.so (0x00002b33f3b72000)
|  	libxmlf90.so => /global/software/TeraChem/2022.06-intel-2017.8.262-CUDA-11.4.1/lib/libxmlf90.so (0x00002b33f3d76000)
|  	libthcbox.so.1 => /global/software/TeraChem/2022.06-intel-2017.8.262-CUDA-11.4.1/lib/libthcbox.so.1 (0x00002b33f3f99000)
|  	libOpenMM.so => /global/software/OpenMM/7.4.2-intel-2017.8.262-CUDA-11.0.2/lib/libOpenMM.so (0x00002b33f5ce6000)
|  	libgpubox.so.1 => /global/software/TeraChem/2022.06-intel-2017.8.262-CUDA-11.4.1/lib/libgpubox.so.1 (0x00002b33f634a000)
|  	libtensorbox.so.1 => /global/software/TeraChem/2022.06-intel-2017.8.262-CUDA-11.4.1/lib/libtensorbox.so.1 (0x00002b33f655d000)
|  	libiobox.so.1 => /global/software/TeraChem/2022.06-intel-2017.8.262-CUDA-11.4.1/lib/libiobox.so.1 (0x00002b33f6779000)
|  	libintbox.so.1 => /global/software/TeraChem/2022.06-intel-2017.8.262-CUDA-11.4.1/lib/libintbox.so.1 (0x00002b33f6989000)
|  	libsqmbox.so.1 => /global/software/TeraChem/2022.06-intel-2017.8.262-CUDA-11.4.1/lib/libsqmbox.so.1 (0x00002b3432766000)
|  	libgridbox.so.1 => /global/software/TeraChem/2022.06-intel-2017.8.262-CUDA-11.4.1/lib/libgridbox.so.1 (0x00002b3432cbe000)
|  	libdftbox.so.1 => /global/software/TeraChem/2022.06-intel-2017.8.262-CUDA-11.4.1/lib/libdftbox.so.1 (0x00002b3433237000)
|  	libcibox.so.1 => /global/software/TeraChem/2022.06-intel-2017.8.262-CUDA-11.4.1/lib/libcibox.so.1 (0x00002b3433519000)
|  	libccbox.so.1 => /global/software/TeraChem/2022.06-intel-2017.8.262-CUDA-11.4.1/lib/libccbox.so.1 (0x00002b3433cea000)
|  	libsimbox.so.1 => /global/software/TeraChem/2022.06-intel-2017.8.262-CUDA-11.4.1/lib/libsimbox.so.1 (0x00002b34342b5000)
|  	liboptbox.so.1 => /global/software/TeraChem/2022.06-intel-2017.8.262-CUDA-11.4.1/lib/liboptbox.so.1 (0x00002b34344d2000)
|  	libnvToolsExt.so.1 => /global/software/CUDA/11.4.1/lib64/libnvToolsExt.so.1 (0x00002b3434706000)
|  	libprotobuf.so.25 => /global/software/protobuf/3.14.0/lib/libprotobuf.so.25 (0x00002b3434910000)
|  	libcommbox.so.1 => /global/software/TeraChem/2022.06-intel-2017.8.262-CUDA-11.4.1/lib/libcommbox.so.1 (0x00002b3434dc3000)
|  	libcuda.so.1 => /usr/lib64/libcuda.so.1 (0x00002b3435028000)
|  	libcudart.so.11.0 => /global/software/TeraChem/2022.06-intel-2017.8.262-CUDA-11.4.1/lib/libcudart.so.11.0 (0x00002b3436710000)
|  	libcublas.so.11 => /global/software/TeraChem/2022.06-intel-2017.8.262-CUDA-11.4.1/lib/libcublas.so.11 (0x00002b34369b2000)
|  	libcufft.so.10 => /global/software/TeraChem/2022.06-intel-2017.8.262-CUDA-11.4.1/lib/libcufft.so.10 (0x00002b343f8eb000)
|  	libcusparse.so.11 => /global/software/TeraChem/2022.06-intel-2017.8.262-CUDA-11.4.1/lib/libcusparse.so.11 (0x00002b345556b000)
|  	libcusolver.so.11 => /global/software/TeraChem/2022.06-intel-2017.8.262-CUDA-11.4.1/lib/libcusolver.so.11 (0x00002b3463956000)
|  	libcrypto.so.10 => /usr/lib64/libcrypto.so.10 (0x00002b3470c1f000)
|  	libssl.so.10 => /usr/lib64/libssl.so.10 (0x00002b3471080000)
|  	libstdc++.so.6 => /usr/lib64/libstdc++.so.6 (0x00002b34712f2000)
|  	libm.so.6 => /usr/lib64/libm.so.6 (0x00002b34715fa000)
|  	libcilkrts.so.5 => /global/software/TeraChem/2022.06-intel-2017.8.262-CUDA-11.4.1/lib/libcilkrts.so.5 (0x00002b34718fc000)
|  	libgcc_s.so.1 => /usr/lib64/libgcc_s.so.1 (0x00002b3471b37000)
|  	libpthread.so.0 => /usr/lib64/libpthread.so.0 (0x00002b3471d4d000)
|  	libc.so.6 => /usr/lib64/libc.so.6 (0x00002b3471f69000)
|  	/lib64/ld-linux-x86-64.so.2 (0x00002b33f24c9000)
|  	libdl.so.2 => /usr/lib64/libdl.so.2 (0x00002b347232c000)
|  	libidn.so.11 => /usr/lib64/libidn.so.11 (0x00002b3472530000)
|  	libssh2.so.1 => /usr/lib64/libssh2.so.1 (0x00002b3472763000)
|  	libssl3.so => /usr/lib64/libssl3.so (0x00002b347298d000)
|  	libsmime3.so => /usr/lib64/libsmime3.so (0x00002b3472bd9000)
|  	libnss3.so => /usr/lib64/libnss3.so (0x00002b3472e00000)
|  	libnssutil3.so => /usr/lib64/libnssutil3.so (0x00002b347312a000)
|  	libplds4.so => /usr/lib64/libplds4.so (0x00002b3473357000)
|  	libplc4.so => /usr/lib64/libplc4.so (0x00002b347355b000)
|  	libnspr4.so => /usr/lib64/libnspr4.so (0x00002b3473760000)
|  	libgssapi_krb5.so.2 => /usr/lib64/libgssapi_krb5.so.2 (0x00002b347399e000)
|  	libkrb5.so.3 => /usr/lib64/libkrb5.so.3 (0x00002b3473beb000)
|  	libk5crypto.so.3 => /usr/lib64/libk5crypto.so.3 (0x00002b3473ed3000)
|  	libcom_err.so.2 => /usr/lib64/libcom_err.so.2 (0x00002b3474106000)
|  	liblber-2.4.so.2 => /usr/lib64/liblber-2.4.so.2 (0x00002b347430a000)
|  	libldap-2.4.so.2 => /usr/lib64/libldap-2.4.so.2 (0x00002b3474519000)
|  	libz.so.1 => /usr/lib64/libz.so.1 (0x00002b347476d000)
|  	librt.so.1 => /usr/lib64/librt.so.1 (0x00002b3474983000)
|  	libifport.so.5 => /global/software/intel/2017.8.262/compilers_and_libraries_2017.8.262/linux/compiler/lib/intel64/libifport.so.5 (0x00002b3474b8b000)
|  	libifcoremt.so.5 => /global/software/intel/2017.8.262/compilers_and_libraries_2017.8.262/linux/compiler/lib/intel64/libifcoremt.so.5 (0x00002b3474dba000)
|  	libimf.so => /global/software/intel/2017.8.262/compilers_and_libraries_2017.8.262/linux/compiler/lib/intel64/libimf.so (0x00002b347514a000)
|  	libsvml.so => /global/software/intel/2017.8.262/compilers_and_libraries_2017.8.262/linux/compiler/lib/intel64/libsvml.so (0x00002b3475637000)
|  	libiomp5.so => /global/software/intel/2017.8.262/compilers_and_libraries_2017.8.262/linux/compiler/lib/intel64/libiomp5.so (0x00002b3476555000)
|  	libintlc.so.5 => /global/software/intel/2017.8.262/compilers_and_libraries_2017.8.262/linux/compiler/lib/intel64/libintlc.so.5 (0x00002b34768f9000)
|  	libirng.so => /global/software/intel/2017.8.262/compilers_and_libraries_2017.8.262/linux/compiler/lib/intel64/libirng.so (0x00002b3476b65000)
|  	libcublasLt.so.11 => /global/software/CUDA/11.4.1/lib64/libcublasLt.so.11 (0x00002b3476ed8000)
|  	libkrb5support.so.0 => /usr/lib64/libkrb5support.so.0 (0x00002b3488fe7000)
|  	libkeyutils.so.1 => /usr/lib64/libkeyutils.so.1 (0x00002b34891f5000)
|  	libresolv.so.2 => /usr/lib64/libresolv.so.2 (0x00002b34893f9000)
|  	libsasl2.so.3 => /usr/lib64/libsasl2.so.3 (0x00002b3489613000)
|  	libselinux.so.1 => /usr/lib64/libselinux.so.1 (0x00002b3489830000)
|  	libcrypt.so.1 => /usr/lib64/libcrypt.so.1 (0x00002b3489a57000)
|  	libpcre.so.1 => /usr/lib64/libpcre.so.1 (0x00002b3489c8e000)
|  	libfreebl3.so => /usr/lib64/libfreebl3.so (0x00002b3489ef0000)
| #################################################################################################

| Cannot find license.dat file in the TeraChem installation directory /global/software/TeraChem/2022.06-intel-2017.8.262-CUDA-11.4.1


| TRYING THE NETWORK LICENSE...
| Connecting to license server '54.208.252.40' port '8877'...
| Connected!
| Checking your license...
-----------------------------------
Processed Input file:
                 spinmult 1
                   charge 0
                    basis def2-svp
              coordinates geom.xyz
                    guess sad
                   method b3lyp
                      run gradient
            new_minimizer true
                     xtol 0.0001
-----------------------------------
Jobname: geom
Scratch directory: ./scr.geom
| Random number seed: 2029463604

XYZ coordinates geom.xyz
Molden File Output: ./scr.geom/geom.molden
Using basis set: def2-svp
dmrgstart not found
Spin multiplicity: 1
DIIS will use up to 10 vectors.
Condition number limit for the DIIS overlap matrix is            0
WF convergence threshold: 3.00e-05
Using DIIS algorithm to converge WF
Maximum number of SCF iterations: 100
Incremental fock with rebuild every 8 iterations
Will switch to conventional Fock if diffuse functions are detected
X-matrix tolerance: 1.00e-04
PRECISION: DYNAMIC
TeraChem will select linear algebra engine
DFT Functional requested: b3lyp
Method: B3LYP 
  Hartree-Fock exact exchange:          0.20 
  Slater exchange functional:           0.80 
  Becke 1988 exchange functional:       0.72 
  Lee-Yang-Parr correlation functional: 0.81 
  VWN(I) correlation functional:        0.19 
Wavefunction: RESTRICTED
DFT grid type: 1
Using dynamic DFT grids.
Initial guess generated from superposition of atomic densities generated with HF,
using spherically symmetric atomic densities and averaged alpha and beta spin densities.

********************************************
**** SINGLE POINT GRADIENT CALCULATIONS ****
********************************************
SCF:   Initial guess is taken from previous step
*************WARNING***************
Unrecognized or unnecessary keywords:
These are being ignored.
   new_minimizer true
***********************************
Starting TensorBox...
| TeraChem will select linear algebra engine
| Using cuSolver for matrix diagonalization

| using 1 out of 1 CUDA devices
|   Device 0:      GeForce GTX 970,  4043MB, CC 5.2 -- CPU THREAD 0
| -------------------------------------------------------------------
| CPU Memory Available: 48347.12 MegaWords 
| GPU Memory Available: 249.38 MegaWords 
| Maximum recommended basis set size: 5100 basis functions
|  (limited by GPU memory)
| -------------------------------------------------------------------
| Initialize GPUBox with 128 MW of memory

| **************************************************************
|  Greetings, Martinez Group! You have 1000 licenses in total
|  IN USE: 15
|  AVAILABLE: 985
| **************************************************************



Basis set:       def2-svp
Total atoms:     14
Total charge:    0
Total electrons: 34 (17-alpha, 17-beta)
Number electrons modeled by ECPs: 0
Total orbitals:  110
Total AO shells: 54 (32 S-shells; 18 P-shells; 4 D-shells; 0 F-shells; 0 G-shells)
Spin multiplicity: 1
Nuclear repulsion energy (QM atoms): 131.998532626276 a.u.

Using neutral atomic charges and default spins and spin directions.
Number of unique atoms is: 2 
Atom #1 is unique. Calculating atomic density. 
XCEnergy: 0.000000 NNRepEnergy: 0.000000 
Rest of SCF Energy: -36.042762
XCEnergy: 0.000000 NNRepEnergy: 0.000000 
Rest of SCF Energy: -36.042762
Iteration: 0
XCEnergy: 0.000000 NNRepEnergy: 0.000000 
Rest of SCF Energy: -37.644434
XCEnergy: 0.000000 NNRepEnergy: 0.000000 
Rest of SCF Energy: -37.644434
Iteration: 1
XCEnergy: 0.000000 NNRepEnergy: 0.000000 
Rest of SCF Energy: -37.648420
XCEnergy: 0.000000 NNRepEnergy: 0.000000 
Rest of SCF Energy: -37.648420
Iteration: 2
XCEnergy: 0.000000 NNRepEnergy: 0.000000 
Rest of SCF Energy: -37.648733
XCEnergy: 0.000000 NNRepEnergy: 0.000000 
Rest of SCF Energy: -37.648733
Iteration: 3
XCEnergy: 0.000000 NNRepEnergy: 0.000000 
Rest of SCF Energy: -37.648783
XCEnergy: 0.000000 NNRepEnergy: 0.000000 
Rest of SCF Energy: -37.648783
Iteration: 4
XCEnergy: 0.000000 NNRepEnergy: 0.000000 
Rest of SCF Energy: -37.648784
XCEnergy: 0.000000 NNRepEnergy: 0.000000 
Rest of SCF Energy: -37.648784
Iteration: 5
XCEnergy: 0.000000 NNRepEnergy: 0.000000 
Rest of SCF Energy: -37.648784
XCEnergy: 0.000000 NNRepEnergy: 0.000000 
SCF Energy: -37.648784
Atom #5 is unique. Calculating atomic density. 
XCEnergy: 0.000000 NNRepEnergy: 0.000000 
Rest of SCF Energy: -0.499278
XCEnergy: 0.000000 NNRepEnergy: 0.000000 
Rest of SCF Energy: -0.499278
Iteration: 0
XCEnergy: 0.000000 NNRepEnergy: 0.000000 
Rest of SCF Energy: -0.499278
XCEnergy: 0.000000 NNRepEnergy: 0.000000 
Rest of SCF Energy: -0.499278
Iteration: 1
XCEnergy: 0.000000 NNRepEnergy: 0.000000 
Rest of SCF Energy: -0.499278
XCEnergy: 0.000000 NNRepEnergy: 0.000000 
SCF Energy: -0.499278
Using neutral atomic charges and default spins and spin directions.
Number of unique atoms is: 2 
Atom #1 is unique. Calculating atomic density. 
XCEnergy: 0.000000 NNRepEnergy: 0.000000 
Rest of SCF Energy: -36.042762
XCEnergy: 0.000000 NNRepEnergy: 0.000000 
Rest of SCF Energy: -36.042762
Iteration: 0
XCEnergy: 0.000000 NNRepEnergy: 0.000000 
Rest of SCF Energy: -37.644434
XCEnergy: 0.000000 NNRepEnergy: 0.000000 
Rest of SCF Energy: -37.644434
Iteration: 1
XCEnergy: 0.000000 NNRepEnergy: 0.000000 
Rest of SCF Energy: -37.648420
XCEnergy: 0.000000 NNRepEnergy: 0.000000 
Rest of SCF Energy: -37.648420
Iteration: 2
XCEnergy: 0.000000 NNRepEnergy: 0.000000 
Rest of SCF Energy: -37.648733
XCEnergy: 0.000000 NNRepEnergy: 0.000000 
Rest of SCF Energy: -37.648733
Iteration: 3
XCEnergy: 0.000000 NNRepEnergy: 0.000000 
Rest of SCF Energy: -37.648783
XCEnergy: 0.000000 NNRepEnergy: 0.000000 
Rest of SCF Energy: -37.648783
Iteration: 4
XCEnergy: 0.000000 NNRepEnergy: 0.000000 
Rest of SCF Energy: -37.648784
XCEnergy: 0.000000 NNRepEnergy: 0.000000 
Rest of SCF Energy: -37.648784
Iteration: 5
XCEnergy: 0.000000 NNRepEnergy: 0.000000 
Rest of SCF Energy: -37.648784
XCEnergy: 0.000000 NNRepEnergy: 0.000000 
SCF Energy: -37.648784
Atom #5 is unique. Calculating atomic density. 
XCEnergy: 0.000000 NNRepEnergy: 0.000000 
Rest of SCF Energy: -0.499278
XCEnergy: 0.000000 NNRepEnergy: 0.000000 
Rest of SCF Energy: -0.499278
Iteration: 0
XCEnergy: 0.000000 NNRepEnergy: 0.000000 
Rest of SCF Energy: -0.499278
XCEnergy: 0.000000 NNRepEnergy: 0.000000 
Rest of SCF Energy: -0.499278
Iteration: 1
XCEnergy: 0.000000 NNRepEnergy: 0.000000 
Rest of SCF Energy: -0.499278
XCEnergy: 0.000000 NNRepEnergy: 0.000000 
SCF Energy: -0.499278
Setting up the DFT grid...
| time to set the grid = 0.00 s
DFT grid points: 13767 (983 points/atom)
Setting up the DFT grid...
| time to set the grid = 0.01 s
DFT grid points: 38249 (2732 points/atom)

                      *** Start SCF Iterations ***

 Iter     DIIS Error       Energy change      Electrons        XC Energy           Energy        Time(s)
----------------------------------------------------------------------------------------------------------
| Purifying guess...Density matrix is not well-conditioned, rescale and purify
| Purification run on CPU (double precision)  using TC2 purification.
| Density matrix purification finished after a total of 18 matrix multiplies
| THRESPDP set to 1.00e+00
|                 >>> SWITCHING TO GRID 1 <<<
|    1     0.4875634351    -157.5295968662    34.0370945525   -19.8481866726    -157.5295968662     0.15  
|                 >>> SWITCHING TO GRID 0 <<<
|    2     0.2152471870      -0.2207396936    33.9994594941   -21.2395959085    -157.7503365598     0.10  
|    3     0.0875675436      -0.4944600316    34.0002289770   -20.2675599338    -158.2447965913     0.10  
|    4     0.0071292829      -0.1002498309    34.0000493715   -20.5157985188    -158.3450464223     0.10  
|                 >>> SWITCHING TO GRID 1 <<<
|    5     0.0020489454      -0.0008199614    33.9999374007   -20.5193628464    -158.3458663837     0.15  
|    6     0.0008765265      -0.0000736431    33.9999365570   -20.5192071444    -158.3459400268     0.15  
| THRESPDP set to 3.07e-02
|    7     0.0000944790      -0.0000037521    33.9999370571   -20.5192799931    -158.3459437788     0.19  
|    8     0.0000213210      -0.0000001463    33.9999371340   -20.5194078022    -158.3459439252     0.19  
----------------------------------------------------------------------------------------------------------
FINAL ENERGY: -158.3459439252 a.u.
HOMO-LUMO GAP: 10.121 eV
CENTER OF MASS: {0.043857, -0.320749, 0.506479} ANGS
DIPOLE MOMENT: {0.013054, -0.019577, -0.044151} (|D| = 0.050030) DEBYE

Running Mulliken population analysis...


Gradient units are Hartree/Bohr
---------------------------------------------------
        dE/dX            dE/dY            dE/dZ
   -0.0026321623    -0.0042334508     0.0017995454
   -0.0029585536     0.0024426144    -0.0007384753
    0.0024740127    -0.0016465956     0.0027407933
    0.0022756139     0.0047280563    -0.0008489320
    0.0039996955     0.0026380183    -0.0040493216
    0.0028013052    -0.0036393050     0.0063565604
   -0.0027920929    -0.0005346593    -0.0032297708
    0.0018393642     0.0004734638     0.0054293295
   -0.0021602856     0.0002981582    -0.0049553960
    0.0041013320    -0.0031667065    -0.0015937760
   -0.0042402907     0.0029965698     0.0024815720
    0.0040327156    -0.0012857196    -0.0007634947
   -0.0021102373    -0.0054390588    -0.0023110298
   -0.0046304156     0.0063686158    -0.0003175975
---------------------------------------------------
Net gradient:  1.028718e-09  1.018010e-09  6.948457e-09
Net torque:    2.394728e-04 -6.520653e-04 -4.786233e-04

Writing out molden info
| Total processing time: 1.85 sec 

| Job finished: Fri Nov 18 20:14:05 2022

