| Startfile from command line: tc.in


|       ***********************************************************
|       *                    TeraChem v1.9-2022.05-dev            *
|       *  Git Version: d4b8df7494a2ef35cff77b6c7632844e0ef90f1f  *
|       *                   Development Version                   *
|       *           Chemistry at the Speed of Graphics!           *
|       ***********************************************************
|       * This program may only be used in connection with        *
|       * a valid license from PetaChem, LLC. Use of this program *
|       * or results thereof indicates acceptance of all terms    *
|       * and conditions stated in the license and that a valid   *
|       * license agreement between the user and PetaChem, LLC    *
|       * exists. PetaChem, LLC does not warrant the correctness  *
|       * of results or their suitability for any purpose.        *
|       * Please email bugs, suggestions, and comments to         *
|       *                  help@petachem.com                      *
|       *                                                         *
|       ***********************************************************


|       ***********************************************************
|       *  Compiled by henryw7      Thu Jun  2 12:35:51 PDT 2022  *
|       *  Supported architectures: sm_35 sm_52 sm_61 sm_70 sm_80 *
|       *  Build cuda_11.4.r11.4/compiler.30188945_0              *
|       ***********************************************************


| Job started   Fri Nov 18 20:03:58 2022
| On fire-11-01 (available memory: 176882 MB)

| ######################################### RUNTIME INFO ##########################################
| terachem  tc.in 

|  NVRM version: NVIDIA UNIX x86_64 Kernel Module  460.32.03  Sun Dec 27 19:00:34 UTC 2020
|  GCC version:  gcc version 4.8.5 20150623 (Red Hat 4.8.5-16) (GCC) 

|  	linux-vdso.so.1 =>  (0x00007fff4f786000)
|  	libcurl.so.4 => /usr/lib64/libcurl.so.4 (0x00002b438bacf000)
|  	libmpi.so.12 => /global/software/intel/2017.8.262/compilers_and_libraries_2017.8.262/linux/mpi/intel64/lib/libmpi.so.12 (0x00002b438bd38000)
|  	libdftbplus.so => /global/software/TeraChem/2022.06-intel-2017.8.262-CUDA-11.4.1/lib/libdftbplus.so (0x00002b438ca6e000)
|  	libfsockets.so => /global/software/TeraChem/2022.06-intel-2017.8.262-CUDA-11.4.1/lib/libfsockets.so (0x00002b438cf54000)
|  	libxmlf90.so => /global/software/TeraChem/2022.06-intel-2017.8.262-CUDA-11.4.1/lib/libxmlf90.so (0x00002b438d158000)
|  	libthcbox.so.1 => /global/software/TeraChem/2022.06-intel-2017.8.262-CUDA-11.4.1/lib/libthcbox.so.1 (0x00002b438d37b000)
|  	libOpenMM.so => /global/software/OpenMM/7.4.2-intel-2017.8.262-CUDA-11.0.2/lib/libOpenMM.so (0x00002b438f0c8000)
|  	libgpubox.so.1 => /global/software/TeraChem/2022.06-intel-2017.8.262-CUDA-11.4.1/lib/libgpubox.so.1 (0x00002b438f72c000)
|  	libtensorbox.so.1 => /global/software/TeraChem/2022.06-intel-2017.8.262-CUDA-11.4.1/lib/libtensorbox.so.1 (0x00002b438f93f000)
|  	libiobox.so.1 => /global/software/TeraChem/2022.06-intel-2017.8.262-CUDA-11.4.1/lib/libiobox.so.1 (0x00002b438fb5b000)
|  	libintbox.so.1 => /global/software/TeraChem/2022.06-intel-2017.8.262-CUDA-11.4.1/lib/libintbox.so.1 (0x00002b438fd6b000)
|  	libsqmbox.so.1 => /global/software/TeraChem/2022.06-intel-2017.8.262-CUDA-11.4.1/lib/libsqmbox.so.1 (0x00002b43cbb48000)
|  	libgridbox.so.1 => /global/software/TeraChem/2022.06-intel-2017.8.262-CUDA-11.4.1/lib/libgridbox.so.1 (0x00002b43cc0a0000)
|  	libdftbox.so.1 => /global/software/TeraChem/2022.06-intel-2017.8.262-CUDA-11.4.1/lib/libdftbox.so.1 (0x00002b43cc619000)
|  	libcibox.so.1 => /global/software/TeraChem/2022.06-intel-2017.8.262-CUDA-11.4.1/lib/libcibox.so.1 (0x00002b43cc8fb000)
|  	libccbox.so.1 => /global/software/TeraChem/2022.06-intel-2017.8.262-CUDA-11.4.1/lib/libccbox.so.1 (0x00002b43cd0cc000)
|  	libsimbox.so.1 => /global/software/TeraChem/2022.06-intel-2017.8.262-CUDA-11.4.1/lib/libsimbox.so.1 (0x00002b43cd697000)
|  	liboptbox.so.1 => /global/software/TeraChem/2022.06-intel-2017.8.262-CUDA-11.4.1/lib/liboptbox.so.1 (0x00002b43cd8b4000)
|  	libnvToolsExt.so.1 => /global/software/CUDA/11.4.1/lib64/libnvToolsExt.so.1 (0x00002b43cdae8000)
|  	libprotobuf.so.25 => /global/software/protobuf/3.14.0/lib/libprotobuf.so.25 (0x00002b43cdcf2000)
|  	libcommbox.so.1 => /global/software/TeraChem/2022.06-intel-2017.8.262-CUDA-11.4.1/lib/libcommbox.so.1 (0x00002b43ce1a5000)
|  	libcuda.so.1 => /usr/lib64/libcuda.so.1 (0x00002b43ce40a000)
|  	libcudart.so.11.0 => /global/software/TeraChem/2022.06-intel-2017.8.262-CUDA-11.4.1/lib/libcudart.so.11.0 (0x00002b43cfaf2000)
|  	libcublas.so.11 => /global/software/TeraChem/2022.06-intel-2017.8.262-CUDA-11.4.1/lib/libcublas.so.11 (0x00002b43cfd94000)
|  	libcufft.so.10 => /global/software/TeraChem/2022.06-intel-2017.8.262-CUDA-11.4.1/lib/libcufft.so.10 (0x00002b43d8ccd000)
|  	libcusparse.so.11 => /global/software/TeraChem/2022.06-intel-2017.8.262-CUDA-11.4.1/lib/libcusparse.so.11 (0x00002b43ee94d000)
|  	libcusolver.so.11 => /global/software/TeraChem/2022.06-intel-2017.8.262-CUDA-11.4.1/lib/libcusolver.so.11 (0x00002b43fcd38000)
|  	libcrypto.so.10 => /usr/lib64/libcrypto.so.10 (0x00002b440a001000)
|  	libssl.so.10 => /usr/lib64/libssl.so.10 (0x00002b440a462000)
|  	libstdc++.so.6 => /usr/lib64/libstdc++.so.6 (0x00002b440a6d4000)
|  	libm.so.6 => /usr/lib64/libm.so.6 (0x00002b440a9dc000)
|  	libcilkrts.so.5 => /global/software/TeraChem/2022.06-intel-2017.8.262-CUDA-11.4.1/lib/libcilkrts.so.5 (0x00002b440acde000)
|  	libgcc_s.so.1 => /usr/lib64/libgcc_s.so.1 (0x00002b440af19000)
|  	libpthread.so.0 => /usr/lib64/libpthread.so.0 (0x00002b440b12f000)
|  	libc.so.6 => /usr/lib64/libc.so.6 (0x00002b440b34b000)
|  	/lib64/ld-linux-x86-64.so.2 (0x00002b438b8ab000)
|  	libdl.so.2 => /usr/lib64/libdl.so.2 (0x00002b440b70e000)
|  	libidn.so.11 => /usr/lib64/libidn.so.11 (0x00002b440b912000)
|  	libssh2.so.1 => /usr/lib64/libssh2.so.1 (0x00002b440bb45000)
|  	libssl3.so => /usr/lib64/libssl3.so (0x00002b440bd6f000)
|  	libsmime3.so => /usr/lib64/libsmime3.so (0x00002b440bfbb000)
|  	libnss3.so => /usr/lib64/libnss3.so (0x00002b440c1e2000)
|  	libnssutil3.so => /usr/lib64/libnssutil3.so (0x00002b440c50c000)
|  	libplds4.so => /usr/lib64/libplds4.so (0x00002b440c739000)
|  	libplc4.so => /usr/lib64/libplc4.so (0x00002b440c93d000)
|  	libnspr4.so => /usr/lib64/libnspr4.so (0x00002b440cb42000)
|  	libgssapi_krb5.so.2 => /usr/lib64/libgssapi_krb5.so.2 (0x00002b440cd80000)
|  	libkrb5.so.3 => /usr/lib64/libkrb5.so.3 (0x00002b440cfcd000)
|  	libk5crypto.so.3 => /usr/lib64/libk5crypto.so.3 (0x00002b440d2b5000)
|  	libcom_err.so.2 => /usr/lib64/libcom_err.so.2 (0x00002b440d4e8000)
|  	liblber-2.4.so.2 => /usr/lib64/liblber-2.4.so.2 (0x00002b440d6ec000)
|  	libldap-2.4.so.2 => /usr/lib64/libldap-2.4.so.2 (0x00002b440d8fb000)
|  	libz.so.1 => /usr/lib64/libz.so.1 (0x00002b440db4f000)
|  	librt.so.1 => /usr/lib64/librt.so.1 (0x00002b440dd65000)
|  	libifport.so.5 => /global/software/intel/2017.8.262/compilers_and_libraries_2017.8.262/linux/compiler/lib/intel64/libifport.so.5 (0x00002b440df6d000)
|  	libifcoremt.so.5 => /global/software/intel/2017.8.262/compilers_and_libraries_2017.8.262/linux/compiler/lib/intel64/libifcoremt.so.5 (0x00002b440e19c000)
|  	libimf.so => /global/software/intel/2017.8.262/compilers_and_libraries_2017.8.262/linux/compiler/lib/intel64/libimf.so (0x00002b440e52c000)
|  	libsvml.so => /global/software/intel/2017.8.262/compilers_and_libraries_2017.8.262/linux/compiler/lib/intel64/libsvml.so (0x00002b440ea19000)
|  	libiomp5.so => /global/software/intel/2017.8.262/compilers_and_libraries_2017.8.262/linux/compiler/lib/intel64/libiomp5.so (0x00002b440f937000)
|  	libintlc.so.5 => /global/software/intel/2017.8.262/compilers_and_libraries_2017.8.262/linux/compiler/lib/intel64/libintlc.so.5 (0x00002b440fcdb000)
|  	libirng.so => /global/software/intel/2017.8.262/compilers_and_libraries_2017.8.262/linux/compiler/lib/intel64/libirng.so (0x00002b440ff47000)
|  	libcublasLt.so.11 => /global/software/CUDA/11.4.1/lib64/libcublasLt.so.11 (0x00002b44102ba000)
|  	libkrb5support.so.0 => /usr/lib64/libkrb5support.so.0 (0x00002b44223c9000)
|  	libkeyutils.so.1 => /usr/lib64/libkeyutils.so.1 (0x00002b44225d7000)
|  	libresolv.so.2 => /usr/lib64/libresolv.so.2 (0x00002b44227db000)
|  	libsasl2.so.3 => /usr/lib64/libsasl2.so.3 (0x00002b44229f5000)
|  	libselinux.so.1 => /usr/lib64/libselinux.so.1 (0x00002b4422c12000)
|  	libcrypt.so.1 => /usr/lib64/libcrypt.so.1 (0x00002b4422e39000)
|  	libpcre.so.1 => /usr/lib64/libpcre.so.1 (0x00002b4423070000)
|  	libfreebl3.so => /usr/lib64/libfreebl3.so (0x00002b44232d2000)
| #################################################################################################

| Cannot find license.dat file in the TeraChem installation directory /global/software/TeraChem/2022.06-intel-2017.8.262-CUDA-11.4.1


| TRYING THE NETWORK LICENSE...
| Connecting to license server '54.208.252.40' port '8877'...
| Connected!
| Checking your license...
-----------------------------------
Processed Input file:
                 spinmult 1
                   charge 0
                    basis def2-svp
              coordinates geom.xyz
                    guess sad
                   method b3lyp
                      run gradient
            new_minimizer true
                     xtol 0.0001
-----------------------------------
Jobname: geom
Scratch directory: ./scr.geom
| Random number seed: 1443533981

XYZ coordinates geom.xyz
Molden File Output: ./scr.geom/geom.molden
Using basis set: def2-svp
dmrgstart not found
Spin multiplicity: 1
DIIS will use up to 10 vectors.
Condition number limit for the DIIS overlap matrix is            0
WF convergence threshold: 3.00e-05
Using DIIS algorithm to converge WF
Maximum number of SCF iterations: 100
Incremental fock with rebuild every 8 iterations
Will switch to conventional Fock if diffuse functions are detected
X-matrix tolerance: 1.00e-04
PRECISION: DYNAMIC
TeraChem will select linear algebra engine
DFT Functional requested: b3lyp
Method: B3LYP 
  Hartree-Fock exact exchange:          0.20 
  Slater exchange functional:           0.80 
  Becke 1988 exchange functional:       0.72 
  Lee-Yang-Parr correlation functional: 0.81 
  VWN(I) correlation functional:        0.19 
Wavefunction: RESTRICTED
DFT grid type: 1
Using dynamic DFT grids.
Initial guess generated from superposition of atomic densities generated with HF,
using spherically symmetric atomic densities and averaged alpha and beta spin densities.

********************************************
**** SINGLE POINT GRADIENT CALCULATIONS ****
********************************************
SCF:   Initial guess is taken from previous step
*************WARNING***************
Unrecognized or unnecessary keywords:
These are being ignored.
   new_minimizer true
***********************************
Starting TensorBox...
| TeraChem will select linear algebra engine
| Using cuSolver for matrix diagonalization

| using 1 out of 1 CUDA devices
|   Device 0:      GeForce GTX 970,  4043MB, CC 5.2 -- CPU THREAD 0
| -------------------------------------------------------------------
| CPU Memory Available: 48347.12 MegaWords 
| GPU Memory Available: 249.38 MegaWords 
| Maximum recommended basis set size: 5100 basis functions
|  (limited by GPU memory)
| -------------------------------------------------------------------
| Initialize GPUBox with 128 MW of memory

| **************************************************************
|  Greetings, Martinez Group! You have 1000 licenses in total
|  IN USE: 16
|  AVAILABLE: 984
| **************************************************************



Basis set:       def2-svp
Total atoms:     14
Total charge:    0
Total electrons: 34 (17-alpha, 17-beta)
Number electrons modeled by ECPs: 0
Total orbitals:  110
Total AO shells: 54 (32 S-shells; 18 P-shells; 4 D-shells; 0 F-shells; 0 G-shells)
Spin multiplicity: 1
Nuclear repulsion energy (QM atoms): 131.002374946526 a.u.

Using neutral atomic charges and default spins and spin directions.
Number of unique atoms is: 2 
Atom #1 is unique. Calculating atomic density. 
XCEnergy: 0.000000 NNRepEnergy: 0.000000 
Rest of SCF Energy: -36.042762
XCEnergy: 0.000000 NNRepEnergy: 0.000000 
Rest of SCF Energy: -36.042762
Iteration: 0
XCEnergy: 0.000000 NNRepEnergy: 0.000000 
Rest of SCF Energy: -37.644434
XCEnergy: 0.000000 NNRepEnergy: 0.000000 
Rest of SCF Energy: -37.644434
Iteration: 1
XCEnergy: 0.000000 NNRepEnergy: 0.000000 
Rest of SCF Energy: -37.648420
XCEnergy: 0.000000 NNRepEnergy: 0.000000 
Rest of SCF Energy: -37.648420
Iteration: 2
XCEnergy: 0.000000 NNRepEnergy: 0.000000 
Rest of SCF Energy: -37.648733
XCEnergy: 0.000000 NNRepEnergy: 0.000000 
Rest of SCF Energy: -37.648733
Iteration: 3
XCEnergy: 0.000000 NNRepEnergy: 0.000000 
Rest of SCF Energy: -37.648783
XCEnergy: 0.000000 NNRepEnergy: 0.000000 
Rest of SCF Energy: -37.648783
Iteration: 4
XCEnergy: 0.000000 NNRepEnergy: 0.000000 
Rest of SCF Energy: -37.648784
XCEnergy: 0.000000 NNRepEnergy: 0.000000 
Rest of SCF Energy: -37.648784
Iteration: 5
XCEnergy: 0.000000 NNRepEnergy: 0.000000 
Rest of SCF Energy: -37.648784
XCEnergy: 0.000000 NNRepEnergy: 0.000000 
SCF Energy: -37.648784
Atom #5 is unique. Calculating atomic density. 
XCEnergy: 0.000000 NNRepEnergy: 0.000000 
Rest of SCF Energy: -0.499278
XCEnergy: 0.000000 NNRepEnergy: 0.000000 
Rest of SCF Energy: -0.499278
Iteration: 0
XCEnergy: 0.000000 NNRepEnergy: 0.000000 
Rest of SCF Energy: -0.499278
XCEnergy: 0.000000 NNRepEnergy: 0.000000 
Rest of SCF Energy: -0.499278
Iteration: 1
XCEnergy: 0.000000 NNRepEnergy: 0.000000 
Rest of SCF Energy: -0.499278
XCEnergy: 0.000000 NNRepEnergy: 0.000000 
SCF Energy: -0.499278
Using neutral atomic charges and default spins and spin directions.
Number of unique atoms is: 2 
Atom #1 is unique. Calculating atomic density. 
XCEnergy: 0.000000 NNRepEnergy: 0.000000 
Rest of SCF Energy: -36.042762
XCEnergy: 0.000000 NNRepEnergy: 0.000000 
Rest of SCF Energy: -36.042762
Iteration: 0
XCEnergy: 0.000000 NNRepEnergy: 0.000000 
Rest of SCF Energy: -37.644434
XCEnergy: 0.000000 NNRepEnergy: 0.000000 
Rest of SCF Energy: -37.644434
Iteration: 1
XCEnergy: 0.000000 NNRepEnergy: 0.000000 
Rest of SCF Energy: -37.648420
XCEnergy: 0.000000 NNRepEnergy: 0.000000 
Rest of SCF Energy: -37.648420
Iteration: 2
XCEnergy: 0.000000 NNRepEnergy: 0.000000 
Rest of SCF Energy: -37.648733
XCEnergy: 0.000000 NNRepEnergy: 0.000000 
Rest of SCF Energy: -37.648733
Iteration: 3
XCEnergy: 0.000000 NNRepEnergy: 0.000000 
Rest of SCF Energy: -37.648783
XCEnergy: 0.000000 NNRepEnergy: 0.000000 
Rest of SCF Energy: -37.648783
Iteration: 4
XCEnergy: 0.000000 NNRepEnergy: 0.000000 
Rest of SCF Energy: -37.648784
XCEnergy: 0.000000 NNRepEnergy: 0.000000 
Rest of SCF Energy: -37.648784
Iteration: 5
XCEnergy: 0.000000 NNRepEnergy: 0.000000 
Rest of SCF Energy: -37.648784
XCEnergy: 0.000000 NNRepEnergy: 0.000000 
SCF Energy: -37.648784
Atom #5 is unique. Calculating atomic density. 
XCEnergy: 0.000000 NNRepEnergy: 0.000000 
Rest of SCF Energy: -0.499278
XCEnergy: 0.000000 NNRepEnergy: 0.000000 
Rest of SCF Energy: -0.499278
Iteration: 0
XCEnergy: 0.000000 NNRepEnergy: 0.000000 
Rest of SCF Energy: -0.499278
XCEnergy: 0.000000 NNRepEnergy: 0.000000 
Rest of SCF Energy: -0.499278
Iteration: 1
XCEnergy: 0.000000 NNRepEnergy: 0.000000 
Rest of SCF Energy: -0.499278
XCEnergy: 0.000000 NNRepEnergy: 0.000000 
SCF Energy: -0.499278
Setting up the DFT grid...
| time to set the grid = 0.00 s
DFT grid points: 13780 (984 points/atom)
Setting up the DFT grid...
| time to set the grid = 0.01 s
DFT grid points: 38312 (2736 points/atom)

                      *** Start SCF Iterations ***

 Iter     DIIS Error       Energy change      Electrons        XC Energy           Energy        Time(s)
----------------------------------------------------------------------------------------------------------
| Purifying guess...Density matrix is not well-conditioned, rescale and purify
| Purification run on CPU (double precision)  using TC2 purification.
| Density matrix purification finished after a total of 18 matrix multiplies
| THRESPDP set to 1.00e+00
|                 >>> SWITCHING TO GRID 1 <<<
|    1     0.4304549506    -157.4916783516    33.9835615154   -19.8225460312    -157.4916783516     0.14  
|                 >>> SWITCHING TO GRID 0 <<<
|    2     0.2443302580      -0.2319447582    33.9986624084   -21.2574782003    -157.7236231098     0.10  
|    3     0.0904232984      -0.5239031043    33.9990488795   -20.2727641471    -158.2475262141     0.10  
|    4     0.0071626500      -0.0954015947    33.9989714748   -20.5152792150    -158.3429278087     0.10  
|                 >>> SWITCHING TO GRID 1 <<<
|    5     0.0026927799      -0.0009979386    34.0000124611   -20.5191655308    -158.3439257473     0.16  
|    6     0.0009186318      -0.0000933092    34.0000122845   -20.5190329379    -158.3440190565     0.15  
| THRESPDP set to 3.07e-02
|    7     0.0001035984      +0.0000067379    34.0000131179   -20.5191401938    -158.3440123186     0.18  
|    8     0.0000228697      -0.0000001784    34.0000130505   -20.5192459923    -158.3440124970     0.19  
----------------------------------------------------------------------------------------------------------
FINAL ENERGY: -158.3440124970 a.u.
HOMO-LUMO GAP: 10.026 eV
CENTER OF MASS: {-0.264099, -0.440984, -0.126004} ANGS
DIPOLE MOMENT: {0.072956, -0.018458, 0.014840} (|D| = 0.076704) DEBYE

Running Mulliken population analysis...


Gradient units are Hartree/Bohr
---------------------------------------------------
        dE/dX            dE/dY            dE/dZ
   -0.0016372881    -0.0045710884     0.0038575283
   -0.0037895585    -0.0016489065    -0.0054764655
   -0.0042628490     0.0036405335     0.0039370092
    0.0022376980     0.0045296574    -0.0037317456
    0.0044871159     0.0021892131    -0.0037037470
    0.0023070243    -0.0019053996     0.0053185828
   -0.0027579243    -0.0010888968    -0.0036557355
    0.0036731166    -0.0010643824     0.0049938853
   -0.0036094059     0.0004567736    -0.0046478121
   -0.0048018792     0.0017785071     0.0029281812
    0.0052948177    -0.0012624283    -0.0032316281
   -0.0031215443     0.0024979554     0.0024831665
    0.0013033293    -0.0036570483     0.0048606314
    0.0046773472     0.0001055113    -0.0039318482
---------------------------------------------------
Net gradient: -8.341222e-11  1.194420e-09  2.613765e-09
Net torque:    3.333229e-04  6.320179e-05  3.338957e-04

Writing out molden info
| Total processing time: 1.83 sec 

| Job finished: Fri Nov 18 20:04:02 2022

