| Startfile from command line: tc.in


|       ***********************************************************
|       *                    TeraChem v1.9-2022.05-dev            *
|       *  Git Version: d4b8df7494a2ef35cff77b6c7632844e0ef90f1f  *
|       *                   Development Version                   *
|       *           Chemistry at the Speed of Graphics!           *
|       ***********************************************************
|       * This program may only be used in connection with        *
|       * a valid license from PetaChem, LLC. Use of this program *
|       * or results thereof indicates acceptance of all terms    *
|       * and conditions stated in the license and that a valid   *
|       * license agreement between the user and PetaChem, LLC    *
|       * exists. PetaChem, LLC does not warrant the correctness  *
|       * of results or their suitability for any purpose.        *
|       * Please email bugs, suggestions, and comments to         *
|       *                  help@petachem.com                      *
|       *                                                         *
|       ***********************************************************


|       ***********************************************************
|       *  Compiled by henryw7      Thu Jun  2 12:35:51 PDT 2022  *
|       *  Supported architectures: sm_35 sm_52 sm_61 sm_70 sm_80 *
|       *  Build cuda_11.4.r11.4/compiler.30188945_0              *
|       ***********************************************************


| Job started   Fri Nov 18 20:06:28 2022
| On fire-11-01 (available memory: 176957 MB)

| ######################################### RUNTIME INFO ##########################################
| terachem  tc.in 

|  NVRM version: NVIDIA UNIX x86_64 Kernel Module  460.32.03  Sun Dec 27 19:00:34 UTC 2020
|  GCC version:  gcc version 4.8.5 20150623 (Red Hat 4.8.5-16) (GCC) 

|  	linux-vdso.so.1 =>  (0x00007ffd185fb000)
|  	libcurl.so.4 => /usr/lib64/libcurl.so.4 (0x00002b7f761be000)
|  	libmpi.so.12 => /global/software/intel/2017.8.262/compilers_and_libraries_2017.8.262/linux/mpi/intel64/lib/libmpi.so.12 (0x00002b7f76427000)
|  	libdftbplus.so => /global/software/TeraChem/2022.06-intel-2017.8.262-CUDA-11.4.1/lib/libdftbplus.so (0x00002b7f7715d000)
|  	libfsockets.so => /global/software/TeraChem/2022.06-intel-2017.8.262-CUDA-11.4.1/lib/libfsockets.so (0x00002b7f77643000)
|  	libxmlf90.so => /global/software/TeraChem/2022.06-intel-2017.8.262-CUDA-11.4.1/lib/libxmlf90.so (0x00002b7f77847000)
|  	libthcbox.so.1 => /global/software/TeraChem/2022.06-intel-2017.8.262-CUDA-11.4.1/lib/libthcbox.so.1 (0x00002b7f77a6a000)
|  	libOpenMM.so => /global/software/OpenMM/7.4.2-intel-2017.8.262-CUDA-11.0.2/lib/libOpenMM.so (0x00002b7f797b7000)
|  	libgpubox.so.1 => /global/software/TeraChem/2022.06-intel-2017.8.262-CUDA-11.4.1/lib/libgpubox.so.1 (0x00002b7f79e1b000)
|  	libtensorbox.so.1 => /global/software/TeraChem/2022.06-intel-2017.8.262-CUDA-11.4.1/lib/libtensorbox.so.1 (0x00002b7f7a02e000)
|  	libiobox.so.1 => /global/software/TeraChem/2022.06-intel-2017.8.262-CUDA-11.4.1/lib/libiobox.so.1 (0x00002b7f7a24a000)
|  	libintbox.so.1 => /global/software/TeraChem/2022.06-intel-2017.8.262-CUDA-11.4.1/lib/libintbox.so.1 (0x00002b7f7a45a000)
|  	libsqmbox.so.1 => /global/software/TeraChem/2022.06-intel-2017.8.262-CUDA-11.4.1/lib/libsqmbox.so.1 (0x00002b7fb6237000)
|  	libgridbox.so.1 => /global/software/TeraChem/2022.06-intel-2017.8.262-CUDA-11.4.1/lib/libgridbox.so.1 (0x00002b7fb678f000)
|  	libdftbox.so.1 => /global/software/TeraChem/2022.06-intel-2017.8.262-CUDA-11.4.1/lib/libdftbox.so.1 (0x00002b7fb6d08000)
|  	libcibox.so.1 => /global/software/TeraChem/2022.06-intel-2017.8.262-CUDA-11.4.1/lib/libcibox.so.1 (0x00002b7fb6fea000)
|  	libccbox.so.1 => /global/software/TeraChem/2022.06-intel-2017.8.262-CUDA-11.4.1/lib/libccbox.so.1 (0x00002b7fb77bb000)
|  	libsimbox.so.1 => /global/software/TeraChem/2022.06-intel-2017.8.262-CUDA-11.4.1/lib/libsimbox.so.1 (0x00002b7fb7d86000)
|  	liboptbox.so.1 => /global/software/TeraChem/2022.06-intel-2017.8.262-CUDA-11.4.1/lib/liboptbox.so.1 (0x00002b7fb7fa3000)
|  	libnvToolsExt.so.1 => /global/software/CUDA/11.4.1/lib64/libnvToolsExt.so.1 (0x00002b7fb81d7000)
|  	libprotobuf.so.25 => /global/software/protobuf/3.14.0/lib/libprotobuf.so.25 (0x00002b7fb83e1000)
|  	libcommbox.so.1 => /global/software/TeraChem/2022.06-intel-2017.8.262-CUDA-11.4.1/lib/libcommbox.so.1 (0x00002b7fb8894000)
|  	libcuda.so.1 => /usr/lib64/libcuda.so.1 (0x00002b7fb8af9000)
|  	libcudart.so.11.0 => /global/software/TeraChem/2022.06-intel-2017.8.262-CUDA-11.4.1/lib/libcudart.so.11.0 (0x00002b7fba1e1000)
|  	libcublas.so.11 => /global/software/TeraChem/2022.06-intel-2017.8.262-CUDA-11.4.1/lib/libcublas.so.11 (0x00002b7fba483000)
|  	libcufft.so.10 => /global/software/TeraChem/2022.06-intel-2017.8.262-CUDA-11.4.1/lib/libcufft.so.10 (0x00002b7fc33bc000)
|  	libcusparse.so.11 => /global/software/TeraChem/2022.06-intel-2017.8.262-CUDA-11.4.1/lib/libcusparse.so.11 (0x00002b7fd903c000)
|  	libcusolver.so.11 => /global/software/TeraChem/2022.06-intel-2017.8.262-CUDA-11.4.1/lib/libcusolver.so.11 (0x00002b7fe7427000)
|  	libcrypto.so.10 => /usr/lib64/libcrypto.so.10 (0x00002b7ff46f0000)
|  	libssl.so.10 => /usr/lib64/libssl.so.10 (0x00002b7ff4b51000)
|  	libstdc++.so.6 => /usr/lib64/libstdc++.so.6 (0x00002b7ff4dc3000)
|  	libm.so.6 => /usr/lib64/libm.so.6 (0x00002b7ff50cb000)
|  	libcilkrts.so.5 => /global/software/TeraChem/2022.06-intel-2017.8.262-CUDA-11.4.1/lib/libcilkrts.so.5 (0x00002b7ff53cd000)
|  	libgcc_s.so.1 => /usr/lib64/libgcc_s.so.1 (0x00002b7ff5608000)
|  	libpthread.so.0 => /usr/lib64/libpthread.so.0 (0x00002b7ff581e000)
|  	libc.so.6 => /usr/lib64/libc.so.6 (0x00002b7ff5a3a000)
|  	/lib64/ld-linux-x86-64.so.2 (0x00002b7f75f9a000)
|  	libdl.so.2 => /usr/lib64/libdl.so.2 (0x00002b7ff5dfd000)
|  	libidn.so.11 => /usr/lib64/libidn.so.11 (0x00002b7ff6001000)
|  	libssh2.so.1 => /usr/lib64/libssh2.so.1 (0x00002b7ff6234000)
|  	libssl3.so => /usr/lib64/libssl3.so (0x00002b7ff645e000)
|  	libsmime3.so => /usr/lib64/libsmime3.so (0x00002b7ff66aa000)
|  	libnss3.so => /usr/lib64/libnss3.so (0x00002b7ff68d1000)
|  	libnssutil3.so => /usr/lib64/libnssutil3.so (0x00002b7ff6bfb000)
|  	libplds4.so => /usr/lib64/libplds4.so (0x00002b7ff6e28000)
|  	libplc4.so => /usr/lib64/libplc4.so (0x00002b7ff702c000)
|  	libnspr4.so => /usr/lib64/libnspr4.so (0x00002b7ff7231000)
|  	libgssapi_krb5.so.2 => /usr/lib64/libgssapi_krb5.so.2 (0x00002b7ff746f000)
|  	libkrb5.so.3 => /usr/lib64/libkrb5.so.3 (0x00002b7ff76bc000)
|  	libk5crypto.so.3 => /usr/lib64/libk5crypto.so.3 (0x00002b7ff79a4000)
|  	libcom_err.so.2 => /usr/lib64/libcom_err.so.2 (0x00002b7ff7bd7000)
|  	liblber-2.4.so.2 => /usr/lib64/liblber-2.4.so.2 (0x00002b7ff7ddb000)
|  	libldap-2.4.so.2 => /usr/lib64/libldap-2.4.so.2 (0x00002b7ff7fea000)
|  	libz.so.1 => /usr/lib64/libz.so.1 (0x00002b7ff823e000)
|  	librt.so.1 => /usr/lib64/librt.so.1 (0x00002b7ff8454000)
|  	libifport.so.5 => /global/software/intel/2017.8.262/compilers_and_libraries_2017.8.262/linux/compiler/lib/intel64/libifport.so.5 (0x00002b7ff865c000)
|  	libifcoremt.so.5 => /global/software/intel/2017.8.262/compilers_and_libraries_2017.8.262/linux/compiler/lib/intel64/libifcoremt.so.5 (0x00002b7ff888b000)
|  	libimf.so => /global/software/intel/2017.8.262/compilers_and_libraries_2017.8.262/linux/compiler/lib/intel64/libimf.so (0x00002b7ff8c1b000)
|  	libsvml.so => /global/software/intel/2017.8.262/compilers_and_libraries_2017.8.262/linux/compiler/lib/intel64/libsvml.so (0x00002b7ff9108000)
|  	libiomp5.so => /global/software/intel/2017.8.262/compilers_and_libraries_2017.8.262/linux/compiler/lib/intel64/libiomp5.so (0x00002b7ffa026000)
|  	libintlc.so.5 => /global/software/intel/2017.8.262/compilers_and_libraries_2017.8.262/linux/compiler/lib/intel64/libintlc.so.5 (0x00002b7ffa3ca000)
|  	libirng.so => /global/software/intel/2017.8.262/compilers_and_libraries_2017.8.262/linux/compiler/lib/intel64/libirng.so (0x00002b7ffa636000)
|  	libcublasLt.so.11 => /global/software/CUDA/11.4.1/lib64/libcublasLt.so.11 (0x00002b7ffa9a9000)
|  	libkrb5support.so.0 => /usr/lib64/libkrb5support.so.0 (0x00002b800cab8000)
|  	libkeyutils.so.1 => /usr/lib64/libkeyutils.so.1 (0x00002b800ccc6000)
|  	libresolv.so.2 => /usr/lib64/libresolv.so.2 (0x00002b800ceca000)
|  	libsasl2.so.3 => /usr/lib64/libsasl2.so.3 (0x00002b800d0e4000)
|  	libselinux.so.1 => /usr/lib64/libselinux.so.1 (0x00002b800d301000)
|  	libcrypt.so.1 => /usr/lib64/libcrypt.so.1 (0x00002b800d528000)
|  	libpcre.so.1 => /usr/lib64/libpcre.so.1 (0x00002b800d75f000)
|  	libfreebl3.so => /usr/lib64/libfreebl3.so (0x00002b800d9c1000)
| #################################################################################################

| Cannot find license.dat file in the TeraChem installation directory /global/software/TeraChem/2022.06-intel-2017.8.262-CUDA-11.4.1


| TRYING THE NETWORK LICENSE...
| Connecting to license server '54.208.252.40' port '8877'...
| Connected!
| Checking your license...
-----------------------------------
Processed Input file:
                 spinmult 1
                   charge 0
                    basis def2-svp
              coordinates geom.xyz
                    guess sad
                   method b3lyp
                      run gradient
            new_minimizer true
                     xtol 0.0001
-----------------------------------
Jobname: geom
Scratch directory: ./scr.geom
| Random number seed: 145918312

XYZ coordinates geom.xyz
Molden File Output: ./scr.geom/geom.molden
Using basis set: def2-svp
dmrgstart not found
Spin multiplicity: 1
DIIS will use up to 10 vectors.
Condition number limit for the DIIS overlap matrix is            0
WF convergence threshold: 3.00e-05
Using DIIS algorithm to converge WF
Maximum number of SCF iterations: 100
Incremental fock with rebuild every 8 iterations
Will switch to conventional Fock if diffuse functions are detected
X-matrix tolerance: 1.00e-04
PRECISION: DYNAMIC
TeraChem will select linear algebra engine
DFT Functional requested: b3lyp
Method: B3LYP 
  Hartree-Fock exact exchange:          0.20 
  Slater exchange functional:           0.80 
  Becke 1988 exchange functional:       0.72 
  Lee-Yang-Parr correlation functional: 0.81 
  VWN(I) correlation functional:        0.19 
Wavefunction: RESTRICTED
DFT grid type: 1
Using dynamic DFT grids.
Initial guess generated from superposition of atomic densities generated with HF,
using spherically symmetric atomic densities and averaged alpha and beta spin densities.

********************************************
**** SINGLE POINT GRADIENT CALCULATIONS ****
********************************************
SCF:   Initial guess is taken from previous step
*************WARNING***************
Unrecognized or unnecessary keywords:
These are being ignored.
   new_minimizer true
***********************************
Starting TensorBox...
| TeraChem will select linear algebra engine
| Using cuSolver for matrix diagonalization

| using 1 out of 1 CUDA devices
|   Device 0:      GeForce GTX 970,  4043MB, CC 5.2 -- CPU THREAD 0
| -------------------------------------------------------------------
| CPU Memory Available: 48347.12 MegaWords 
| GPU Memory Available: 249.38 MegaWords 
| Maximum recommended basis set size: 5100 basis functions
|  (limited by GPU memory)
| -------------------------------------------------------------------
| Initialize GPUBox with 128 MW of memory

| **************************************************************
|  Greetings, Martinez Group! You have 1000 licenses in total
|  IN USE: 16
|  AVAILABLE: 984
| **************************************************************



Basis set:       def2-svp
Total atoms:     14
Total charge:    0
Total electrons: 34 (17-alpha, 17-beta)
Number electrons modeled by ECPs: 0
Total orbitals:  110
Total AO shells: 54 (32 S-shells; 18 P-shells; 4 D-shells; 0 F-shells; 0 G-shells)
Spin multiplicity: 1
Nuclear repulsion energy (QM atoms): 129.993427483020 a.u.

Using neutral atomic charges and default spins and spin directions.
Number of unique atoms is: 2 
Atom #1 is unique. Calculating atomic density. 
XCEnergy: 0.000000 NNRepEnergy: 0.000000 
Rest of SCF Energy: -36.042762
XCEnergy: 0.000000 NNRepEnergy: 0.000000 
Rest of SCF Energy: -36.042762
Iteration: 0
XCEnergy: 0.000000 NNRepEnergy: 0.000000 
Rest of SCF Energy: -37.644434
XCEnergy: 0.000000 NNRepEnergy: 0.000000 
Rest of SCF Energy: -37.644434
Iteration: 1
XCEnergy: 0.000000 NNRepEnergy: 0.000000 
Rest of SCF Energy: -37.648420
XCEnergy: 0.000000 NNRepEnergy: 0.000000 
Rest of SCF Energy: -37.648420
Iteration: 2
XCEnergy: 0.000000 NNRepEnergy: 0.000000 
Rest of SCF Energy: -37.648733
XCEnergy: 0.000000 NNRepEnergy: 0.000000 
Rest of SCF Energy: -37.648733
Iteration: 3
XCEnergy: 0.000000 NNRepEnergy: 0.000000 
Rest of SCF Energy: -37.648783
XCEnergy: 0.000000 NNRepEnergy: 0.000000 
Rest of SCF Energy: -37.648783
Iteration: 4
XCEnergy: 0.000000 NNRepEnergy: 0.000000 
Rest of SCF Energy: -37.648784
XCEnergy: 0.000000 NNRepEnergy: 0.000000 
Rest of SCF Energy: -37.648784
Iteration: 5
XCEnergy: 0.000000 NNRepEnergy: 0.000000 
Rest of SCF Energy: -37.648784
XCEnergy: 0.000000 NNRepEnergy: 0.000000 
SCF Energy: -37.648784
Atom #5 is unique. Calculating atomic density. 
XCEnergy: 0.000000 NNRepEnergy: 0.000000 
Rest of SCF Energy: -0.499278
XCEnergy: 0.000000 NNRepEnergy: 0.000000 
Rest of SCF Energy: -0.499278
Iteration: 0
XCEnergy: 0.000000 NNRepEnergy: 0.000000 
Rest of SCF Energy: -0.499278
XCEnergy: 0.000000 NNRepEnergy: 0.000000 
Rest of SCF Energy: -0.499278
Iteration: 1
XCEnergy: 0.000000 NNRepEnergy: 0.000000 
Rest of SCF Energy: -0.499278
XCEnergy: 0.000000 NNRepEnergy: 0.000000 
SCF Energy: -0.499278
Using neutral atomic charges and default spins and spin directions.
Number of unique atoms is: 2 
Atom #1 is unique. Calculating atomic density. 
XCEnergy: 0.000000 NNRepEnergy: 0.000000 
Rest of SCF Energy: -36.042762
XCEnergy: 0.000000 NNRepEnergy: 0.000000 
Rest of SCF Energy: -36.042762
Iteration: 0
XCEnergy: 0.000000 NNRepEnergy: 0.000000 
Rest of SCF Energy: -37.644434
XCEnergy: 0.000000 NNRepEnergy: 0.000000 
Rest of SCF Energy: -37.644434
Iteration: 1
XCEnergy: 0.000000 NNRepEnergy: 0.000000 
Rest of SCF Energy: -37.648420
XCEnergy: 0.000000 NNRepEnergy: 0.000000 
Rest of SCF Energy: -37.648420
Iteration: 2
XCEnergy: 0.000000 NNRepEnergy: 0.000000 
Rest of SCF Energy: -37.648733
XCEnergy: 0.000000 NNRepEnergy: 0.000000 
Rest of SCF Energy: -37.648733
Iteration: 3
XCEnergy: 0.000000 NNRepEnergy: 0.000000 
Rest of SCF Energy: -37.648783
XCEnergy: 0.000000 NNRepEnergy: 0.000000 
Rest of SCF Energy: -37.648783
Iteration: 4
XCEnergy: 0.000000 NNRepEnergy: 0.000000 
Rest of SCF Energy: -37.648784
XCEnergy: 0.000000 NNRepEnergy: 0.000000 
Rest of SCF Energy: -37.648784
Iteration: 5
XCEnergy: 0.000000 NNRepEnergy: 0.000000 
Rest of SCF Energy: -37.648784
XCEnergy: 0.000000 NNRepEnergy: 0.000000 
SCF Energy: -37.648784
Atom #5 is unique. Calculating atomic density. 
XCEnergy: 0.000000 NNRepEnergy: 0.000000 
Rest of SCF Energy: -0.499278
XCEnergy: 0.000000 NNRepEnergy: 0.000000 
Rest of SCF Energy: -0.499278
Iteration: 0
XCEnergy: 0.000000 NNRepEnergy: 0.000000 
Rest of SCF Energy: -0.499278
XCEnergy: 0.000000 NNRepEnergy: 0.000000 
Rest of SCF Energy: -0.499278
Iteration: 1
XCEnergy: 0.000000 NNRepEnergy: 0.000000 
Rest of SCF Energy: -0.499278
XCEnergy: 0.000000 NNRepEnergy: 0.000000 
SCF Energy: -0.499278
Setting up the DFT grid...
| time to set the grid = 0.00 s
DFT grid points: 13815 (986 points/atom)
Setting up the DFT grid...
| time to set the grid = 0.01 s
DFT grid points: 38363 (2740 points/atom)

                      *** Start SCF Iterations ***

 Iter     DIIS Error       Energy change      Electrons        XC Energy           Energy        Time(s)
----------------------------------------------------------------------------------------------------------
| Purifying guess...Density matrix is not well-conditioned, rescale and purify
| Purification run on CPU (double precision)  using TC2 purification.
| Density matrix purification finished after a total of 18 matrix multiplies
| THRESPDP set to 1.00e+00
|                 >>> SWITCHING TO GRID 1 <<<
|    1     0.4089112256    -157.5140141473    34.0206055624   -19.8370862698    -157.5140141473     0.15  
|                 >>> SWITCHING TO GRID 0 <<<
|    2     0.2698657242      -0.2344645550    33.9980577290   -21.2455726916    -157.7484787023     0.10  
|    3     0.1044487813      -0.5010904901    33.9984484204   -20.2700600720    -158.2495691924     0.10  
|    4     0.0078205990      -0.0929138448    33.9983274342   -20.5158732087    -158.3424830372     0.10  
|                 >>> SWITCHING TO GRID 1 <<<
|    5     0.0036885482      -0.0010586804    33.9999662675   -20.5185933376    -158.3435417176     0.16  
|    6     0.0006466421      -0.0001537815    33.9999662500   -20.5184903778    -158.3436954991     0.15  
| THRESPDP set to 3.07e-02
|    7     0.0000889642      +0.0000068459    33.9999669343   -20.5185821374    -158.3436886532     0.19  
|    8     0.0000234858      -0.0000000449    33.9999668396   -20.5186673484    -158.3436886981     0.19  
----------------------------------------------------------------------------------------------------------
FINAL ENERGY: -158.3436886981 a.u.
HOMO-LUMO GAP: 10.141 eV
CENTER OF MASS: {0.022576, -0.544353, -0.156494} ANGS
DIPOLE MOMENT: {0.042179, -0.003601, 0.029122} (|D| = 0.051382) DEBYE

Running Mulliken population analysis...


Gradient units are Hartree/Bohr
---------------------------------------------------
        dE/dX            dE/dY            dE/dZ
   -0.0038318095    -0.0044905183     0.0019871135
   -0.0019735529    -0.0016446085    -0.0015197998
   -0.0019525969     0.0020311283    -0.0011770826
    0.0010535957     0.0046658982    -0.0039271115
    0.0040343928     0.0021694387    -0.0041659966
    0.0027270970    -0.0019881818     0.0049314667
   -0.0030087937    -0.0004144317    -0.0033201010
    0.0027801451    -0.0001007710     0.0071846835
   -0.0016902698    -0.0007740271    -0.0045508767
   -0.0047172861     0.0013636065     0.0001408515
    0.0076637033    -0.0008870289     0.0000220310
   -0.0041015620     0.0010320559    -0.0016069846
   -0.0027392443    -0.0022587507     0.0050584044
    0.0057561795     0.0012961892     0.0009433985
---------------------------------------------------
Net gradient: -1.621220e-09 -1.064852e-09 -3.753912e-09
Net torque:    2.658044e-04  3.049961e-05 -3.638820e-04

Writing out molden info
| Total processing time: 1.83 sec 

| Job finished: Fri Nov 18 20:06:33 2022

