| Startfile from command line: tc.in


|       ***********************************************************
|       *                    TeraChem v1.9-2022.05-dev            *
|       *  Git Version: d4b8df7494a2ef35cff77b6c7632844e0ef90f1f  *
|       *                   Development Version                   *
|       *           Chemistry at the Speed of Graphics!           *
|       ***********************************************************
|       * This program may only be used in connection with        *
|       * a valid license from PetaChem, LLC. Use of this program *
|       * or results thereof indicates acceptance of all terms    *
|       * and conditions stated in the license and that a valid   *
|       * license agreement between the user and PetaChem, LLC    *
|       * exists. PetaChem, LLC does not warrant the correctness  *
|       * of results or their suitability for any purpose.        *
|       * Please email bugs, suggestions, and comments to         *
|       *                  help@petachem.com                      *
|       *                                                         *
|       ***********************************************************


|       ***********************************************************
|       *  Compiled by henryw7      Thu Jun  2 12:35:51 PDT 2022  *
|       *  Supported architectures: sm_35 sm_52 sm_61 sm_70 sm_80 *
|       *  Build cuda_11.4.r11.4/compiler.30188945_0              *
|       ***********************************************************


| Job started   Fri Nov 18 20:07:59 2022
| On fire-11-01 (available memory: 176913 MB)

| ######################################### RUNTIME INFO ##########################################
| terachem  tc.in 

|  NVRM version: NVIDIA UNIX x86_64 Kernel Module  460.32.03  Sun Dec 27 19:00:34 UTC 2020
|  GCC version:  gcc version 4.8.5 20150623 (Red Hat 4.8.5-16) (GCC) 

|  	linux-vdso.so.1 =>  (0x00002b0b6a481000)
|  	libcurl.so.4 => /usr/lib64/libcurl.so.4 (0x00002b0b6a684000)
|  	libmpi.so.12 => /global/software/intel/2017.8.262/compilers_and_libraries_2017.8.262/linux/mpi/intel64/lib/libmpi.so.12 (0x00002b0b6a8ed000)
|  	libdftbplus.so => /global/software/TeraChem/2022.06-intel-2017.8.262-CUDA-11.4.1/lib/libdftbplus.so (0x00002b0b6b623000)
|  	libfsockets.so => /global/software/TeraChem/2022.06-intel-2017.8.262-CUDA-11.4.1/lib/libfsockets.so (0x00002b0b6bb09000)
|  	libxmlf90.so => /global/software/TeraChem/2022.06-intel-2017.8.262-CUDA-11.4.1/lib/libxmlf90.so (0x00002b0b6bd0d000)
|  	libthcbox.so.1 => /global/software/TeraChem/2022.06-intel-2017.8.262-CUDA-11.4.1/lib/libthcbox.so.1 (0x00002b0b6bf30000)
|  	libOpenMM.so => /global/software/OpenMM/7.4.2-intel-2017.8.262-CUDA-11.0.2/lib/libOpenMM.so (0x00002b0b6dc7d000)
|  	libgpubox.so.1 => /global/software/TeraChem/2022.06-intel-2017.8.262-CUDA-11.4.1/lib/libgpubox.so.1 (0x00002b0b6e2e1000)
|  	libtensorbox.so.1 => /global/software/TeraChem/2022.06-intel-2017.8.262-CUDA-11.4.1/lib/libtensorbox.so.1 (0x00002b0b6e4f4000)
|  	libiobox.so.1 => /global/software/TeraChem/2022.06-intel-2017.8.262-CUDA-11.4.1/lib/libiobox.so.1 (0x00002b0b6e710000)
|  	libintbox.so.1 => /global/software/TeraChem/2022.06-intel-2017.8.262-CUDA-11.4.1/lib/libintbox.so.1 (0x00002b0b6e920000)
|  	libsqmbox.so.1 => /global/software/TeraChem/2022.06-intel-2017.8.262-CUDA-11.4.1/lib/libsqmbox.so.1 (0x00002b0baa6fd000)
|  	libgridbox.so.1 => /global/software/TeraChem/2022.06-intel-2017.8.262-CUDA-11.4.1/lib/libgridbox.so.1 (0x00002b0baac55000)
|  	libdftbox.so.1 => /global/software/TeraChem/2022.06-intel-2017.8.262-CUDA-11.4.1/lib/libdftbox.so.1 (0x00002b0bab1ce000)
|  	libcibox.so.1 => /global/software/TeraChem/2022.06-intel-2017.8.262-CUDA-11.4.1/lib/libcibox.so.1 (0x00002b0bab4b0000)
|  	libccbox.so.1 => /global/software/TeraChem/2022.06-intel-2017.8.262-CUDA-11.4.1/lib/libccbox.so.1 (0x00002b0babc81000)
|  	libsimbox.so.1 => /global/software/TeraChem/2022.06-intel-2017.8.262-CUDA-11.4.1/lib/libsimbox.so.1 (0x00002b0bac24c000)
|  	liboptbox.so.1 => /global/software/TeraChem/2022.06-intel-2017.8.262-CUDA-11.4.1/lib/liboptbox.so.1 (0x00002b0bac469000)
|  	libnvToolsExt.so.1 => /global/software/CUDA/11.4.1/lib64/libnvToolsExt.so.1 (0x00002b0bac69d000)
|  	libprotobuf.so.25 => /global/software/protobuf/3.14.0/lib/libprotobuf.so.25 (0x00002b0bac8a7000)
|  	libcommbox.so.1 => /global/software/TeraChem/2022.06-intel-2017.8.262-CUDA-11.4.1/lib/libcommbox.so.1 (0x00002b0bacd5a000)
|  	libcuda.so.1 => /usr/lib64/libcuda.so.1 (0x00002b0bacfbf000)
|  	libcudart.so.11.0 => /global/software/TeraChem/2022.06-intel-2017.8.262-CUDA-11.4.1/lib/libcudart.so.11.0 (0x00002b0bae6a7000)
|  	libcublas.so.11 => /global/software/TeraChem/2022.06-intel-2017.8.262-CUDA-11.4.1/lib/libcublas.so.11 (0x00002b0bae949000)
|  	libcufft.so.10 => /global/software/TeraChem/2022.06-intel-2017.8.262-CUDA-11.4.1/lib/libcufft.so.10 (0x00002b0bb7882000)
|  	libcusparse.so.11 => /global/software/TeraChem/2022.06-intel-2017.8.262-CUDA-11.4.1/lib/libcusparse.so.11 (0x00002b0bcd502000)
|  	libcusolver.so.11 => /global/software/TeraChem/2022.06-intel-2017.8.262-CUDA-11.4.1/lib/libcusolver.so.11 (0x00002b0bdb8ed000)
|  	libcrypto.so.10 => /usr/lib64/libcrypto.so.10 (0x00002b0be8bb6000)
|  	libssl.so.10 => /usr/lib64/libssl.so.10 (0x00002b0be9017000)
|  	libstdc++.so.6 => /usr/lib64/libstdc++.so.6 (0x00002b0be9289000)
|  	libm.so.6 => /usr/lib64/libm.so.6 (0x00002b0be9591000)
|  	libcilkrts.so.5 => /global/software/TeraChem/2022.06-intel-2017.8.262-CUDA-11.4.1/lib/libcilkrts.so.5 (0x00002b0be9893000)
|  	libgcc_s.so.1 => /usr/lib64/libgcc_s.so.1 (0x00002b0be9ace000)
|  	libpthread.so.0 => /usr/lib64/libpthread.so.0 (0x00002b0be9ce4000)
|  	libc.so.6 => /usr/lib64/libc.so.6 (0x00002b0be9f00000)
|  	/lib64/ld-linux-x86-64.so.2 (0x00002b0b6a460000)
|  	libdl.so.2 => /usr/lib64/libdl.so.2 (0x00002b0bea2c3000)
|  	libidn.so.11 => /usr/lib64/libidn.so.11 (0x00002b0bea4c7000)
|  	libssh2.so.1 => /usr/lib64/libssh2.so.1 (0x00002b0bea6fa000)
|  	libssl3.so => /usr/lib64/libssl3.so (0x00002b0bea924000)
|  	libsmime3.so => /usr/lib64/libsmime3.so (0x00002b0beab70000)
|  	libnss3.so => /usr/lib64/libnss3.so (0x00002b0bead97000)
|  	libnssutil3.so => /usr/lib64/libnssutil3.so (0x00002b0beb0c1000)
|  	libplds4.so => /usr/lib64/libplds4.so (0x00002b0beb2ee000)
|  	libplc4.so => /usr/lib64/libplc4.so (0x00002b0beb4f2000)
|  	libnspr4.so => /usr/lib64/libnspr4.so (0x00002b0beb6f7000)
|  	libgssapi_krb5.so.2 => /usr/lib64/libgssapi_krb5.so.2 (0x00002b0beb935000)
|  	libkrb5.so.3 => /usr/lib64/libkrb5.so.3 (0x00002b0bebb82000)
|  	libk5crypto.so.3 => /usr/lib64/libk5crypto.so.3 (0x00002b0bebe6a000)
|  	libcom_err.so.2 => /usr/lib64/libcom_err.so.2 (0x00002b0bec09d000)
|  	liblber-2.4.so.2 => /usr/lib64/liblber-2.4.so.2 (0x00002b0bec2a1000)
|  	libldap-2.4.so.2 => /usr/lib64/libldap-2.4.so.2 (0x00002b0bec4b0000)
|  	libz.so.1 => /usr/lib64/libz.so.1 (0x00002b0bec704000)
|  	librt.so.1 => /usr/lib64/librt.so.1 (0x00002b0bec91a000)
|  	libifport.so.5 => /global/software/intel/2017.8.262/compilers_and_libraries_2017.8.262/linux/compiler/lib/intel64/libifport.so.5 (0x00002b0becb22000)
|  	libifcoremt.so.5 => /global/software/intel/2017.8.262/compilers_and_libraries_2017.8.262/linux/compiler/lib/intel64/libifcoremt.so.5 (0x00002b0becd51000)
|  	libimf.so => /global/software/intel/2017.8.262/compilers_and_libraries_2017.8.262/linux/compiler/lib/intel64/libimf.so (0x00002b0bed0e1000)
|  	libsvml.so => /global/software/intel/2017.8.262/compilers_and_libraries_2017.8.262/linux/compiler/lib/intel64/libsvml.so (0x00002b0bed5ce000)
|  	libiomp5.so => /global/software/intel/2017.8.262/compilers_and_libraries_2017.8.262/linux/compiler/lib/intel64/libiomp5.so (0x00002b0bee4ec000)
|  	libintlc.so.5 => /global/software/intel/2017.8.262/compilers_and_libraries_2017.8.262/linux/compiler/lib/intel64/libintlc.so.5 (0x00002b0bee890000)
|  	libirng.so => /global/software/intel/2017.8.262/compilers_and_libraries_2017.8.262/linux/compiler/lib/intel64/libirng.so (0x00002b0beeafc000)
|  	libcublasLt.so.11 => /global/software/CUDA/11.4.1/lib64/libcublasLt.so.11 (0x00002b0beee6f000)
|  	libkrb5support.so.0 => /usr/lib64/libkrb5support.so.0 (0x00002b0c00f7e000)
|  	libkeyutils.so.1 => /usr/lib64/libkeyutils.so.1 (0x00002b0c0118c000)
|  	libresolv.so.2 => /usr/lib64/libresolv.so.2 (0x00002b0c01390000)
|  	libsasl2.so.3 => /usr/lib64/libsasl2.so.3 (0x00002b0c015aa000)
|  	libselinux.so.1 => /usr/lib64/libselinux.so.1 (0x00002b0c017c7000)
|  	libcrypt.so.1 => /usr/lib64/libcrypt.so.1 (0x00002b0c019ee000)
|  	libpcre.so.1 => /usr/lib64/libpcre.so.1 (0x00002b0c01c25000)
|  	libfreebl3.so => /usr/lib64/libfreebl3.so (0x00002b0c01e87000)
| #################################################################################################

| Cannot find license.dat file in the TeraChem installation directory /global/software/TeraChem/2022.06-intel-2017.8.262-CUDA-11.4.1


| TRYING THE NETWORK LICENSE...
| Connecting to license server '54.208.252.40' port '8877'...
| Connected!
| Checking your license...
-----------------------------------
Processed Input file:
                 spinmult 1
                   charge 0
                    basis def2-svp
              coordinates geom.xyz
                    guess sad
                   method b3lyp
                      run gradient
            new_minimizer true
                     xtol 0.0001
-----------------------------------
Jobname: geom
Scratch directory: ./scr.geom
| Random number seed: 1901887059

XYZ coordinates geom.xyz
Molden File Output: ./scr.geom/geom.molden
Using basis set: def2-svp
dmrgstart not found
Spin multiplicity: 1
DIIS will use up to 10 vectors.
Condition number limit for the DIIS overlap matrix is            0
WF convergence threshold: 3.00e-05
Using DIIS algorithm to converge WF
Maximum number of SCF iterations: 100
Incremental fock with rebuild every 8 iterations
Will switch to conventional Fock if diffuse functions are detected
X-matrix tolerance: 1.00e-04
PRECISION: DYNAMIC
TeraChem will select linear algebra engine
DFT Functional requested: b3lyp
Method: B3LYP 
  Hartree-Fock exact exchange:          0.20 
  Slater exchange functional:           0.80 
  Becke 1988 exchange functional:       0.72 
  Lee-Yang-Parr correlation functional: 0.81 
  VWN(I) correlation functional:        0.19 
Wavefunction: RESTRICTED
DFT grid type: 1
Using dynamic DFT grids.
Initial guess generated from superposition of atomic densities generated with HF,
using spherically symmetric atomic densities and averaged alpha and beta spin densities.

********************************************
**** SINGLE POINT GRADIENT CALCULATIONS ****
********************************************
SCF:   Initial guess is taken from previous step
*************WARNING***************
Unrecognized or unnecessary keywords:
These are being ignored.
   new_minimizer true
***********************************
Starting TensorBox...
| TeraChem will select linear algebra engine
| Using cuSolver for matrix diagonalization

| using 1 out of 1 CUDA devices
|   Device 0:      GeForce GTX 970,  4043MB, CC 5.2 -- CPU THREAD 0
| -------------------------------------------------------------------
| CPU Memory Available: 48347.12 MegaWords 
| GPU Memory Available: 249.38 MegaWords 
| Maximum recommended basis set size: 5100 basis functions
|  (limited by GPU memory)
| -------------------------------------------------------------------
| Initialize GPUBox with 128 MW of memory

| **************************************************************
|  Greetings, Martinez Group! You have 1000 licenses in total
|  IN USE: 17
|  AVAILABLE: 983
| **************************************************************



Basis set:       def2-svp
Total atoms:     14
Total charge:    0
Total electrons: 34 (17-alpha, 17-beta)
Number electrons modeled by ECPs: 0
Total orbitals:  110
Total AO shells: 54 (32 S-shells; 18 P-shells; 4 D-shells; 0 F-shells; 0 G-shells)
Spin multiplicity: 1
Nuclear repulsion energy (QM atoms): 129.777055872299 a.u.

Using neutral atomic charges and default spins and spin directions.
Number of unique atoms is: 2 
Atom #1 is unique. Calculating atomic density. 
XCEnergy: 0.000000 NNRepEnergy: 0.000000 
Rest of SCF Energy: -36.042762
XCEnergy: 0.000000 NNRepEnergy: 0.000000 
Rest of SCF Energy: -36.042762
Iteration: 0
XCEnergy: 0.000000 NNRepEnergy: 0.000000 
Rest of SCF Energy: -37.644434
XCEnergy: 0.000000 NNRepEnergy: 0.000000 
Rest of SCF Energy: -37.644434
Iteration: 1
XCEnergy: 0.000000 NNRepEnergy: 0.000000 
Rest of SCF Energy: -37.648420
XCEnergy: 0.000000 NNRepEnergy: 0.000000 
Rest of SCF Energy: -37.648420
Iteration: 2
XCEnergy: 0.000000 NNRepEnergy: 0.000000 
Rest of SCF Energy: -37.648733
XCEnergy: 0.000000 NNRepEnergy: 0.000000 
Rest of SCF Energy: -37.648733
Iteration: 3
XCEnergy: 0.000000 NNRepEnergy: 0.000000 
Rest of SCF Energy: -37.648783
XCEnergy: 0.000000 NNRepEnergy: 0.000000 
Rest of SCF Energy: -37.648783
Iteration: 4
XCEnergy: 0.000000 NNRepEnergy: 0.000000 
Rest of SCF Energy: -37.648784
XCEnergy: 0.000000 NNRepEnergy: 0.000000 
Rest of SCF Energy: -37.648784
Iteration: 5
XCEnergy: 0.000000 NNRepEnergy: 0.000000 
Rest of SCF Energy: -37.648784
XCEnergy: 0.000000 NNRepEnergy: 0.000000 
SCF Energy: -37.648784
Atom #5 is unique. Calculating atomic density. 
XCEnergy: 0.000000 NNRepEnergy: 0.000000 
Rest of SCF Energy: -0.499278
XCEnergy: 0.000000 NNRepEnergy: 0.000000 
Rest of SCF Energy: -0.499278
Iteration: 0
XCEnergy: 0.000000 NNRepEnergy: 0.000000 
Rest of SCF Energy: -0.499278
XCEnergy: 0.000000 NNRepEnergy: 0.000000 
Rest of SCF Energy: -0.499278
Iteration: 1
XCEnergy: 0.000000 NNRepEnergy: 0.000000 
Rest of SCF Energy: -0.499278
XCEnergy: 0.000000 NNRepEnergy: 0.000000 
SCF Energy: -0.499278
Using neutral atomic charges and default spins and spin directions.
Number of unique atoms is: 2 
Atom #1 is unique. Calculating atomic density. 
XCEnergy: 0.000000 NNRepEnergy: 0.000000 
Rest of SCF Energy: -36.042762
XCEnergy: 0.000000 NNRepEnergy: 0.000000 
Rest of SCF Energy: -36.042762
Iteration: 0
XCEnergy: 0.000000 NNRepEnergy: 0.000000 
Rest of SCF Energy: -37.644434
XCEnergy: 0.000000 NNRepEnergy: 0.000000 
Rest of SCF Energy: -37.644434
Iteration: 1
XCEnergy: 0.000000 NNRepEnergy: 0.000000 
Rest of SCF Energy: -37.648420
XCEnergy: 0.000000 NNRepEnergy: 0.000000 
Rest of SCF Energy: -37.648420
Iteration: 2
XCEnergy: 0.000000 NNRepEnergy: 0.000000 
Rest of SCF Energy: -37.648733
XCEnergy: 0.000000 NNRepEnergy: 0.000000 
Rest of SCF Energy: -37.648733
Iteration: 3
XCEnergy: 0.000000 NNRepEnergy: 0.000000 
Rest of SCF Energy: -37.648783
XCEnergy: 0.000000 NNRepEnergy: 0.000000 
Rest of SCF Energy: -37.648783
Iteration: 4
XCEnergy: 0.000000 NNRepEnergy: 0.000000 
Rest of SCF Energy: -37.648784
XCEnergy: 0.000000 NNRepEnergy: 0.000000 
Rest of SCF Energy: -37.648784
Iteration: 5
XCEnergy: 0.000000 NNRepEnergy: 0.000000 
Rest of SCF Energy: -37.648784
XCEnergy: 0.000000 NNRepEnergy: 0.000000 
SCF Energy: -37.648784
Atom #5 is unique. Calculating atomic density. 
XCEnergy: 0.000000 NNRepEnergy: 0.000000 
Rest of SCF Energy: -0.499278
XCEnergy: 0.000000 NNRepEnergy: 0.000000 
Rest of SCF Energy: -0.499278
Iteration: 0
XCEnergy: 0.000000 NNRepEnergy: 0.000000 
Rest of SCF Energy: -0.499278
XCEnergy: 0.000000 NNRepEnergy: 0.000000 
Rest of SCF Energy: -0.499278
Iteration: 1
XCEnergy: 0.000000 NNRepEnergy: 0.000000 
Rest of SCF Energy: -0.499278
XCEnergy: 0.000000 NNRepEnergy: 0.000000 
SCF Energy: -0.499278
Setting up the DFT grid...
| time to set the grid = 0.00 s
DFT grid points: 13784 (984 points/atom)
Setting up the DFT grid...
| time to set the grid = 0.01 s
DFT grid points: 38334 (2738 points/atom)

                      *** Start SCF Iterations ***

 Iter     DIIS Error       Energy change      Electrons        XC Energy           Energy        Time(s)
----------------------------------------------------------------------------------------------------------
| Purifying guess...Density matrix is not well-conditioned, rescale and purify
| Purification run on CPU (double precision)  using TC2 purification.
| Density matrix purification finished after a total of 17 matrix multiplies
| THRESPDP set to 1.00e+00
|                 >>> SWITCHING TO GRID 1 <<<
|    1     0.4792698594    -157.4324636011    33.8397422896   -19.7533167978    -157.4324636011     0.15  
|                 >>> SWITCHING TO GRID 0 <<<
|    2     0.2880944378      -0.2205069045    33.9984037433   -21.3027694696    -157.6529705056     0.10  
|    3     0.1007778388      -0.6111074472    33.9987879767   -20.2875532108    -158.2640779528     0.10  
|    4     0.0095276859      -0.0822876406    33.9986614549   -20.5115824410    -158.3463655933     0.09  
|                 >>> SWITCHING TO GRID 1 <<<
|    5     0.0044427006      -0.0009816547    33.9999648689   -20.5161772491    -158.3473472480     0.16  
|    6     0.0006385651      -0.0001808449    33.9999640801   -20.5162154384    -158.3475280930     0.16  
| THRESPDP set to 3.07e-02
|    7     0.0000681941      +0.0000050032    33.9999647311   -20.5164019739    -158.3475230897     0.18  
|    8     0.0000182643      +0.0000001857    33.9999647312   -20.5164790719    -158.3475229040     0.19  
----------------------------------------------------------------------------------------------------------
FINAL ENERGY: -158.3475229040 a.u.
HOMO-LUMO GAP: 10.175 eV
CENTER OF MASS: {0.180687, -0.560916, -0.056966} ANGS
DIPOLE MOMENT: {0.010341, 0.000714, 0.011315} (|D| = 0.015345) DEBYE

Running Mulliken population analysis...


Gradient units are Hartree/Bohr
---------------------------------------------------
        dE/dX            dE/dY            dE/dZ
   -0.0026097990    -0.0034670101     0.0021700831
    0.0001341776     0.0021157173    -0.0025077172
   -0.0024446902    -0.0022346943    -0.0000666281
    0.0022762682     0.0034497289    -0.0025574344
    0.0040325834     0.0024483483    -0.0039975744
    0.0027078708    -0.0020033613     0.0049889380
   -0.0029721737    -0.0006485824    -0.0034582241
    0.0021763725     0.0010568161     0.0057907336
   -0.0022029233     0.0004245869    -0.0040804713
   -0.0037419000    -0.0007387090    -0.0026048691
    0.0055686707    -0.0006517417     0.0028984735
   -0.0031549239     0.0001981757    -0.0033873014
   -0.0042854858    -0.0024590289     0.0037209053
    0.0045159510     0.0025097585     0.0030910848
---------------------------------------------------
Net gradient: -1.747473e-09  3.928019e-09 -1.625736e-09
Net torque:    1.281025e-04  4.840712e-05 -2.246845e-04

Writing out molden info
| Total processing time: 1.83 sec 

| Job finished: Fri Nov 18 20:08:04 2022

